Component: ARM Compiler 5.06 update 4 (build 422) Tool: armlink [4d35d2]

==============================================================================

Section Cross References

    main.o(i.advertising_init) refers to memseta.o(.text) for __aeabi_memclr4
    main.o(i.advertising_init) refers to ble_advertising.o(i.ble_advertising_init) for ble_advertising_init
    main.o(i.advertising_init) refers to app_error.o(i.app_error_handler_bare) for app_error_handler_bare
    main.o(i.advertising_init) refers to main.o(.data) for m_adv_uuids
    main.o(i.advertising_init) refers to main.o(i.on_adv_evt) for on_adv_evt
    main.o(i.assert_nrf_callback) refers to app_error.o(i.app_error_handler) for app_error_handler
    main.o(i.ble_evt_dispatch) refers to ble_conn_params.o(i.ble_conn_params_on_ble_evt) for ble_conn_params_on_ble_evt
    main.o(i.ble_evt_dispatch) refers to ble_nus.o(i.ble_nus_on_ble_evt) for ble_nus_on_ble_evt
    main.o(i.ble_evt_dispatch) refers to main.o(i.on_ble_evt) for on_ble_evt
    main.o(i.ble_evt_dispatch) refers to ble_advertising.o(i.ble_advertising_on_ble_evt) for ble_advertising_on_ble_evt
    main.o(i.ble_evt_dispatch) refers to bsp_btn_ble.o(i.bsp_btn_ble_on_ble_evt) for bsp_btn_ble_on_ble_evt
    main.o(i.ble_evt_dispatch) refers to long_packet.o(i.long_packet_on_ble_event) for long_packet_on_ble_event
    main.o(i.ble_evt_dispatch) refers to security_mode.o(i.security_mode_on_ble_event) for security_mode_on_ble_event
    main.o(i.ble_evt_dispatch) refers to main.o(.bss) for m_nus
    main.o(i.ble_stack_init) refers to softdevice_handler.o(i.softdevice_handler_init) for softdevice_handler_init
    main.o(i.ble_stack_init) refers to app_error.o(i.app_error_handler_bare) for app_error_handler_bare
    main.o(i.ble_stack_init) refers to softdevice_handler.o(i.softdevice_enable_get_default_config) for softdevice_enable_get_default_config
    main.o(i.ble_stack_init) refers to softdevice_handler.o(i.sd_check_ram_start) for sd_check_ram_start
    main.o(i.ble_stack_init) refers to softdevice_handler.o(i.softdevice_enable) for softdevice_enable
    main.o(i.ble_stack_init) refers to softdevice_handler.o(i.softdevice_ble_evt_handler_set) for softdevice_ble_evt_handler_set
    main.o(i.ble_stack_init) refers to main.o(.constdata) for .constdata
    main.o(i.ble_stack_init) refers to main.o(.bss) for BLE_EVT_BUFFER
    main.o(i.ble_stack_init) refers to main.o(i.ble_evt_dispatch) for ble_evt_dispatch
    main.o(i.bsp_event_handler) refers to main.o(i.sleep_mode_enter) for sleep_mode_enter
    main.o(i.bsp_event_handler) refers to app_error.o(i.app_error_handler_bare) for app_error_handler_bare
    main.o(i.bsp_event_handler) refers to ble_advertising.o(i.ble_advertising_restart_without_whitelist) for ble_advertising_restart_without_whitelist
    main.o(i.bsp_event_handler) refers to main.o(.data) for m_conn_handle
    main.o(i.buttons_leds_init) refers to bsp.o(i.bsp_init) for bsp_init
    main.o(i.buttons_leds_init) refers to app_error.o(i.app_error_handler_bare) for app_error_handler_bare
    main.o(i.buttons_leds_init) refers to bsp_btn_ble.o(i.bsp_btn_ble_init) for bsp_btn_ble_init
    main.o(i.buttons_leds_init) refers to main.o(i.bsp_event_handler) for bsp_event_handler
    main.o(i.conn_params_error_handler) refers to app_error.o(i.app_error_handler_bare) for app_error_handler_bare
    main.o(i.conn_params_init) refers to memseta.o(.text) for __aeabi_memclr4
    main.o(i.conn_params_init) refers to ble_conn_params.o(i.ble_conn_params_init) for ble_conn_params_init
    main.o(i.conn_params_init) refers to app_error.o(i.app_error_handler_bare) for app_error_handler_bare
    main.o(i.conn_params_init) refers to main.o(i.on_conn_params_evt) for on_conn_params_evt
    main.o(i.conn_params_init) refers to main.o(i.conn_params_error_handler) for conn_params_error_handler
    main.o(i.gap_params_init) refers to app_error.o(i.app_error_handler_bare) for app_error_handler_bare
    main.o(i.main) refers to memcpya.o(.text) for __aeabi_memcpy4
    main.o(i.main) refers to app_timer.o(i.app_timer_init) for app_timer_init
    main.o(i.main) refers to app_error.o(i.app_error_handler_bare) for app_error_handler_bare
    main.o(i.main) refers to timer_packet.o(i.timer_init) for timer_init
    main.o(i.main) refers to main.o(i.uart_init) for uart_init
    main.o(i.main) refers to main.o(i.buttons_leds_init) for buttons_leds_init
    main.o(i.main) refers to main.o(i.ble_stack_init) for ble_stack_init
    main.o(i.main) refers to main.o(i.gap_params_init) for gap_params_init
    main.o(i.main) refers to main.o(i.services_init) for services_init
    main.o(i.main) refers to main.o(i.advertising_init) for advertising_init
    main.o(i.main) refers to main.o(i.conn_params_init) for conn_params_init
    main.o(i.main) refers to segger_rtt_printf.o(i.SEGGER_RTT_printf) for SEGGER_RTT_printf
    main.o(i.main) refers to ble_advertising.o(i.ble_advertising_start) for ble_advertising_start
[...]
    ble_evt_dispatch                         0x0001cc91   Thumb Code    54  main.o(i.ble_evt_dispatch)
    i.ble_nus_init                           0x0001cccc   Section        0  ble_nus.o(i.ble_nus_init)
    i.ble_nus_on_ble_evt                     0x0001cd6c   Section        0  ble_nus.o(i.ble_nus_on_ble_evt)
    i.ble_nus_string_send                    0x0001cdcc   Section        0  ble_nus.o(i.ble_nus_string_send)
    i.ble_stack_init                         0x0001ce28   Section        0  main.o(i.ble_stack_init)
    ble_stack_init                           0x0001ce29   Thumb Code   174  main.o(i.ble_stack_init)
    i.bsp_btn_ble_init                       0x0001cee8   Section        0  bsp_btn_ble.o(i.bsp_btn_ble_init)
    i.bsp_btn_ble_on_ble_evt                 0x0001cf28   Section        0  bsp_btn_ble.o(i.bsp_btn_ble_on_ble_evt)
    i.bsp_btn_ble_sleep_mode_prepare         0x0001cfac   Section        0  bsp_btn_ble.o(i.bsp_btn_ble_sleep_mode_prepare)
    i.bsp_button_event_handler               0x0001cfcc   Section        0  bsp.o(i.bsp_button_event_handler)
    bsp_button_event_handler                 0x0001cfcd   Thumb Code   188  bsp.o(i.bsp_button_event_handler)
    i.bsp_button_is_pressed                  0x0001d0a4   Section        0  bsp.o(i.bsp_button_is_pressed)
    i.bsp_event_handler                      0x0001d0dc   Section        0  main.o(i.bsp_event_handler)
    i.bsp_event_to_button_action_assign      0x0001d140   Section        0  bsp.o(i.bsp_event_to_button_action_assign)
    i.bsp_indication_set                     0x0001d19c   Section        0  bsp.o(i.bsp_indication_set)
    i.bsp_init                               0x0001d1c0   Section        0  bsp.o(i.bsp_init)
    i.bsp_led_indication                     0x0001d294   Section        0  bsp.o(i.bsp_led_indication)
    bsp_led_indication                       0x0001d295   Thumb Code  1362  bsp.o(i.bsp_led_indication)
    i.bsp_wakeup_buttons_set                 0x0001d7fc   Section        0  bsp.o(i.bsp_wakeup_buttons_set)
    i.button_timer_handler                   0x0001d858   Section        0  bsp.o(i.button_timer_handler)
    button_timer_handler                     0x0001d859   Thumb Code    14  bsp.o(i.button_timer_handler)
    i.buttons_leds_init                      0x0001d868   Section        0  main.o(i.buttons_leds_init)
    buttons_leds_init                        0x0001d869   Thumb Code    84  main.o(i.buttons_leds_init)
    i.channel_free                           0x0001d8c4   Section        0  nrf_drv_gpiote.o(i.channel_free)
    channel_free                             0x0001d8c5   Thumb Code    26  nrf_drv_gpiote.o(i.channel_free)
    i.channel_handler_get                    0x0001d8e4   Section        0  nrf_drv_gpiote.o(i.channel_handler_get)
    channel_handler_get                      0x0001d8e5   Thumb Code    10  nrf_drv_gpiote.o(i.channel_handler_get)
    i.channel_port_alloc                     0x0001d8f4   Section        0  nrf_drv_gpiote.o(i.channel_port_alloc)
    channel_port_alloc                       0x0001d8f5   Thumb Code   116  nrf_drv_gpiote.o(i.channel_port_alloc)
    i.channel_port_get                       0x0001d96c   Section        0  nrf_drv_gpiote.o(i.channel_port_get)
    channel_port_get                         0x0001d96d   Thumb Code     8  nrf_drv_gpiote.o(i.channel_port_get)
    i.communication_start                    0x0001d978   Section        0  communication.o(i.communication_start)
    i.compare_reg_update                     0x0001d9e8   Section        0  app_timer.o(i.compare_reg_update)
    compare_reg_update                       0x0001d9e9   Thumb Code   126  app_timer.o(i.compare_reg_update)
    i.conn_int_check                         0x0001da74   Section        0  ble_advdata.o(i.conn_int_check)
    conn_int_check                           0x0001da75   Thumb Code    88  ble_advdata.o(i.conn_int_check)
    i.conn_int_encode                        0x0001dad0   Section        0  ble_advdata.o(i.conn_int_encode)
    conn_int_encode                          0x0001dad1   Thumb Code   106  ble_advdata.o(i.conn_int_encode)
    i.conn_params_error_handler              0x0001db3a   Section        0  main.o(i.conn_params_error_handler)
    conn_params_error_handler                0x0001db3b   Thumb Code    16  main.o(i.conn_params_error_handler)
    i.conn_params_init                       0x0001db4c   Section        0  main.o(i.conn_params_init)
    conn_params_init                         0x0001db4d   Thumb Code    80  main.o(i.conn_params_init)
    i.conn_params_negotiation                0x0001dba4   Section        0  ble_conn_params.o(i.conn_params_negotiation)
    conn_params_negotiation                  0x0001dba5   Thumb Code   126  ble_conn_params.o(i.conn_params_negotiation)
    i.connection_buttons_configure           0x0001dc38   Section        0  bsp_btn_ble.o(i.connection_buttons_configure)
    connection_buttons_configure             0x0001dc39   Thumb Code    90  bsp_btn_ble.o(i.connection_buttons_configure)
    i.current_int_priority_get               0x0001dc94   Section        0  app_timer.o(i.current_int_priority_get)
    current_int_priority_get                 0x0001dc95   Thumb Code    84  app_timer.o(i.current_int_priority_get)
    i.detection_delay_timeout_handler        0x0001dcf0   Section        0  app_button.o(i.detection_delay_timeout_handler)
    detection_delay_timeout_handler          0x0001dcf1   Thumb Code   124  app_button.o(i.detection_delay_timeout_handler)
    i.display_param                          0x0001dd7c   Section        0  communication.o(i.display_param)
    i.elapsed_ticks_acquire                  0x0001ddb8   Section        0  app_timer.o(i.elapsed_ticks_acquire)
    elapsed_ticks_acquire                    0x0001ddb9   Thumb Code    82  app_timer.o(i.elapsed_ticks_acquire)
    i.expired_timers_handler                 0x0001de1c   Section        0  app_timer.o(i.expired_timers_handler)
    expired_timers_handler                   0x0001de1d   Thumb Code    86  app_timer.o(i.expired_timers_handler)
    i.fifo_get                               0x0001de78   Section        0  app_fifo.o(i.fifo_get)
    fifo_get                                 0x0001de79   Thumb Code    24  app_fifo.o(i.fifo_get)
    i.fifo_length                            0x0001de90   Section        0  app_uart_fifo.o(i.fifo_length)
    fifo_length                              0x0001de91   Thumb Code    10  app_uart_fifo.o(i.fifo_length)
    i.fifo_length                            0x0001de9a   Section        0  app_fifo.o(i.fifo_length)
    fifo_length                              0x0001de9b   Thumb Code    10  app_fifo.o(i.fifo_length)
    i.fifo_peek                              0x0001dea4   Section        0  app_fifo.o(i.fifo_peek)
    fifo_peek                                0x0001dea5   Thumb Code    18  app_fifo.o(i.fifo_peek)
    i.fifo_put                               0x0001deb6   Section        0  app_fifo.o(i.fifo_put)
    fifo_put                                 0x0001deb7   Thumb Code    18  app_fifo.o(i.fifo_put)
    i.flags_encode                           0x0001dec8   Section        0  ble_advdata.o(i.flags_encode)
    flags_encode                             0x0001dec9   Thumb Code    54  ble_advdata.o(i.flags_encode)
    i.flash_access_in_progress               0x0001defe   Section        0  ble_advertising.o(i.flash_access_in_progress)
    flash_access_in_progress                 0x0001deff   Thumb Code    60  ble_advertising.o(i.flash_access_in_progress)
    i.fs_queued_op_count_get                 0x0001df3c   Section        0  fstorage.o(i.fs_queued_op_count_get)
    i.gap_params_init                        0x0001df54   Section        0  main.o(i.gap_params_init)
    gap_params_init                          0x0001df55   Thumb Code   114  main.o(i.gap_params_init)
    i.gpiote_event_handler                   0x0001dfd4   Section        0  app_button.o(i.gpiote_event_handler)
    gpiote_event_handler                     0x0001dfd5   Thumb Code   112  app_button.o(i.gpiote_event_handler)
    i.intern_softdevice_events_execute       0x0001e054   Section        0  softdevice_handler.o(i.intern_softdevice_events_execute)
    i.is_conn_params_ok                      0x0001e108   Section        0  ble_conn_params.o(i.is_conn_params_ok)
    is_conn_params_ok                        0x0001e109   Thumb Code    30  ble_conn_params.o(i.is_conn_params_ok)
    i.is_disabled_in_debug_needed            0x0001e12c   Section        0  system_nrf51.o(i.is_disabled_in_debug_needed)
    is_disabled_in_debug_needed              0x0001e12d   Thumb Code    52  system_nrf51.o(i.is_disabled_in_debug_needed)
    i.is_manual_peripheral_setup_needed      0x0001e164   Section        0  system_nrf51.o(i.is_manual_peripheral_setup_needed)
    is_manual_peripheral_setup_needed        0x0001e165   Thumb Code   104  system_nrf51.o(i.is_manual_peripheral_setup_needed)
    i.is_peripheral_domain_setup_needed      0x0001e1d0   Section        0  system_nrf51.o(i.is_peripheral_domain_setup_needed)
    is_peripheral_domain_setup_needed        0x0001e1d1   Thumb Code    78  system_nrf51.o(i.is_peripheral_domain_setup_needed)
    i.le_role_encode                         0x0001e224   Section        0  ble_advdata.o(i.le_role_encode)
    le_role_encode                           0x0001e225   Thumb Code   106  ble_advdata.o(i.le_role_encode)
    i.leds_timer_handler                     0x0001e290   Section        0  bsp.o(i.leds_timer_handler)
    leds_timer_handler                       0x0001e291   Thumb Code    26  bsp.o(i.leds_timer_handler)
    i.list_deletions_handler                 0x0001e2b4   Section        0  app_timer.o(i.list_deletions_handler)
    list_deletions_handler                   0x0001e2b5   Thumb Code   136  app_timer.o(i.list_deletions_handler)
    i.list_insertions_handler                0x0001e348   Section        0  app_timer.o(i.list_insertions_handler)
    list_insertions_handler                  0x0001e349   Thumb Code   248  app_timer.o(i.list_insertions_handler)
    i.long_packet_on_ble_event               0x0001e458   Section        0  long_packet.o(i.long_packet_on_ble_event)
    i.main                                   0x0001e518   Section        0  main.o(i.main)
    i.manuf_specific_data_encode             0x0001e5f4   Section        0  ble_advdata.o(i.manuf_specific_data_encode)
    manuf_specific_data_encode               0x0001e5f5   Thumb Code   120  ble_advdata.o(i.manuf_specific_data_encode)
    i.name_encode                            0x0001e66c   Section        0  ble_advdata.o(i.name_encode)
    name_encode                              0x0001e66d   Thumb Code   198  ble_advdata.o(i.name_encode)
    i.nrf_drv_common_irq_enable              0x0001e734   Section        0  nrf_drv_common.o(i.nrf_drv_common_irq_enable)
    i.nrf_drv_gpiote_in_event_enable         0x0001e76c   Section        0  nrf_drv_gpiote.o(i.nrf_drv_gpiote_in_event_enable)
    i.nrf_drv_gpiote_in_init                 0x0001e834   Section        0  nrf_drv_gpiote.o(i.nrf_drv_gpiote_in_init)
    i.nrf_drv_gpiote_in_is_set               0x0001e928   Section        0  nrf_drv_gpiote.o(i.nrf_drv_gpiote_in_is_set)
    i.nrf_drv_gpiote_init                    0x0001e948   Section        0  nrf_drv_gpiote.o(i.nrf_drv_gpiote_init)
    i.nrf_drv_gpiote_is_init                 0x0001e998   Section        0  nrf_drv_gpiote.o(i.nrf_drv_gpiote_is_init)
    i.nrf_drv_uart_init                      0x0001e9ac   Section        0  nrf_drv_uart.o(i.nrf_drv_uart_init)
    i.nrf_drv_uart_rx                        0x0001ea40   Section        0  nrf_drv_uart.o(i.nrf_drv_uart_rx)
    i.nrf_drv_uart_rx_enable                 0x0001eab0   Section        0  nrf_drv_uart.o(i.nrf_drv_uart_rx_enable)
    i.nrf_drv_uart_rx_for_uart               0x0001eacc   Section        0  nrf_drv_uart.o(i.nrf_drv_uart_rx_for_uart)
    nrf_drv_uart_rx_for_uart                 0x0001eacd   Thumb Code   182  nrf_drv_uart.o(i.nrf_drv_uart_rx_for_uart)
    i.nrf_drv_uart_tx                        0x0001eb8c   Section        0  nrf_drv_uart.o(i.nrf_drv_uart_tx)
    i.nrf_drv_uart_tx_for_uart               0x0001ebb4   Section        0  nrf_drv_uart.o(i.nrf_drv_uart_tx_for_uart)
    nrf_drv_uart_tx_for_uart                 0x0001ebb5   Thumb Code   142  nrf_drv_uart.o(i.nrf_drv_uart_tx_for_uart)
    i.nrf_drv_uart_tx_in_progress            0x0001ec4c   Section        0  nrf_drv_uart.o(i.nrf_drv_uart_tx_in_progress)
    i.nrf_gpio_cfg                           0x0001ec60   Section        0  nrf_drv_gpiote.o(i.nrf_gpio_cfg)
    nrf_gpio_cfg                             0x0001ec61   Thumb Code    38  nrf_drv_gpiote.o(i.nrf_gpio_cfg)
    i.nrf_gpio_cfg                           0x0001ec86   Section        0  nrf_drv_uart.o(i.nrf_gpio_cfg)
    nrf_gpio_cfg                             0x0001ec87   Thumb Code    38  nrf_drv_uart.o(i.nrf_gpio_cfg)
    i.nrf_gpio_cfg_input                     0x0001ecac   Section        0  nrf_drv_uart.o(i.nrf_gpio_cfg_input)
    nrf_gpio_cfg_input                       0x0001ecad   Thumb Code    26  nrf_drv_uart.o(i.nrf_gpio_cfg_input)
    i.nrf_gpio_cfg_output                    0x0001ecc6   Section        0  nrf_drv_uart.o(i.nrf_gpio_cfg_output)
    nrf_gpio_cfg_output                      0x0001ecc7   Thumb Code    24  nrf_drv_uart.o(i.nrf_gpio_cfg_output)
    i.nrf_gpio_cfg_sense_set                 0x0001ecde   Section        0  nrf_drv_gpiote.o(i.nrf_gpio_cfg_sense_set)
    nrf_gpio_cfg_sense_set                   0x0001ecdf   Thumb Code    70  nrf_drv_gpiote.o(i.nrf_gpio_cfg_sense_set)
    i.nrf_gpio_pin_set                       0x0001ed24   Section        0  nrf_drv_uart.o(i.nrf_gpio_pin_set)
    nrf_gpio_pin_set                         0x0001ed25   Thumb Code    10  nrf_drv_uart.o(i.nrf_gpio_pin_set)
    i.nrf_gpiote_event_addr_get              0x0001ed34   Section        0  nrf_drv_gpiote.o(i.nrf_gpiote_event_addr_get)
    nrf_gpiote_event_addr_get                0x0001ed35   Thumb Code     8  nrf_drv_gpiote.o(i.nrf_gpiote_event_addr_get)
    i.nrf_gpiote_event_clear                 0x0001ed40   Section        0  nrf_drv_gpiote.o(i.nrf_gpiote_event_clear)
    nrf_gpiote_event_clear                   0x0001ed41   Thumb Code    16  nrf_drv_gpiote.o(i.nrf_gpiote_event_clear)
    i.nrf_gpiote_event_is_set                0x0001ed50   Section        0  nrf_drv_gpiote.o(i.nrf_gpiote_event_is_set)
    nrf_gpiote_event_is_set                  0x0001ed51   Thumb Code    22  nrf_drv_gpiote.o(i.nrf_gpiote_event_is_set)
    i.nrf_gpiote_int_enable                  0x0001ed68   Section        0  nrf_drv_gpiote.o(i.nrf_gpiote_int_enable)
    nrf_gpiote_int_enable                    0x0001ed69   Thumb Code     6  nrf_drv_gpiote.o(i.nrf_gpiote_int_enable)
    i.nrf_uart_errorsrc_get_and_clear        0x0001ed74   Section        0  nrf_drv_uart.o(i.nrf_uart_errorsrc_get_and_clear)
    nrf_uart_errorsrc_get_and_clear          0x0001ed75   Thumb Code    20  nrf_drv_uart.o(i.nrf_uart_errorsrc_get_and_clear)
    i.nrf_uart_event_check                   0x0001ed88   Section        0  nrf_drv_uart.o(i.nrf_uart_event_check)
    nrf_uart_event_check                     0x0001ed89   Thumb Code    16  nrf_drv_uart.o(i.nrf_uart_event_check)
    i.nrf_uart_event_clear                   0x0001ed98   Section        0  nrf_drv_uart.o(i.nrf_uart_event_clear)
    nrf_uart_event_clear                     0x0001ed99   Thumb Code     6  nrf_drv_uart.o(i.nrf_uart_event_clear)
    i.nrf_uart_hwfc_pins_set                 0x0001ed9e   Section        0  nrf_drv_uart.o(i.nrf_uart_hwfc_pins_set)
    nrf_uart_hwfc_pins_set                   0x0001ed9f   Thumb Code    18  nrf_drv_uart.o(i.nrf_uart_hwfc_pins_set)
    i.nrf_uart_int_disable                   0x0001edb0   Section        0  nrf_drv_uart.o(i.nrf_uart_int_disable)
    nrf_uart_int_disable                     0x0001edb1   Thumb Code    10  nrf_drv_uart.o(i.nrf_uart_int_disable)
    i.nrf_uart_int_enable                    0x0001edba   Section        0  nrf_drv_uart.o(i.nrf_uart_int_enable)
    nrf_uart_int_enable                      0x0001edbb   Thumb Code    10  nrf_drv_uart.o(i.nrf_uart_int_enable)
    i.nrf_uart_int_enable_check              0x0001edc4   Section        0  nrf_drv_uart.o(i.nrf_uart_int_enable_check)
    nrf_uart_int_enable_check                0x0001edc5   Thumb Code    24  nrf_drv_uart.o(i.nrf_uart_int_enable_check)
    i.nrf_uart_task_trigger                  0x0001eddc   Section        0  nrf_drv_uart.o(i.nrf_uart_task_trigger)
    nrf_uart_task_trigger                    0x0001eddd   Thumb Code     6  nrf_drv_uart.o(i.nrf_uart_task_trigger)
    i.nrf_uart_txrx_pins_set                 0x0001ede2   Section        0  nrf_drv_uart.o(i.nrf_uart_txrx_pins_set)
    nrf_uart_txrx_pins_set                   0x0001ede3   Thumb Code    18  nrf_drv_uart.o(i.nrf_uart_txrx_pins_set)
    i.nus_data_handler                       0x0001edf4   Section        0  main.o(i.nus_data_handler)
    nus_data_handler                         0x0001edf5   Thumb Code    20  main.o(i.nus_data_handler)
    i.on_adv_evt                             0x0001ee08   Section        0  main.o(i.on_adv_evt)
    on_adv_evt                               0x0001ee09   Thumb Code    54  main.o(i.on_adv_evt)
    i.on_ble_evt                             0x0001ee40   Section        0  main.o(i.on_ble_evt)
    on_ble_evt                               0x0001ee41   Thumb Code   176  main.o(i.on_ble_evt)
    i.on_conn_params_evt                     0x0001eef4   Section        0  main.o(i.on_conn_params_evt)
    on_conn_params_evt                       0x0001eef5   Thumb Code    42  main.o(i.on_conn_params_evt)
    i.on_conn_params_update                  0x0001ef24   Section        0  ble_conn_params.o(i.on_conn_params_update)
    on_conn_params_update                    0x0001ef25   Thumb Code    20  ble_conn_params.o(i.on_conn_params_update)
    i.on_connect                             0x0001ef3c   Section        0  ble_conn_params.o(i.on_connect)
    on_connect                               0x0001ef3d   Thumb Code    42  ble_conn_params.o(i.on_connect)
    i.on_connect                             0x0001ef78   Section        0  ble_nus.o(i.on_connect)
    on_connect                               0x0001ef79   Thumb Code     6  ble_nus.o(i.on_connect)
    i.on_disconnect                          0x0001ef80   Section        0  ble_conn_params.o(i.on_disconnect)
    on_disconnect                            0x0001ef81   Thumb Code    50  ble_conn_params.o(i.on_disconnect)
    i.on_disconnect                          0x0001efc4   Section        0  ble_nus.o(i.on_disconnect)
    on_disconnect                            0x0001efc5   Thumb Code     8  ble_nus.o(i.on_disconnect)
    i.on_write                               0x0001efcc   Section        0  ble_conn_params.o(i.on_write)
    on_write                                 0x0001efcd   Thumb Code    84  ble_conn_params.o(i.on_write)
    i.on_write                               0x0001f028   Section        0  ble_nus.o(i.on_write)
    on_write                                 0x0001f029   Thumb Code    84  ble_nus.o(i.on_write)
    i.parse                                  0x0001f07c   Section        0  communication.o(i.parse)
    i.peer_address_exists                    0x0001f144   Section        0  ble_advertising.o(i.peer_address_exists)
    peer_address_exists                      0x0001f145   Thumb Code    26  ble_advertising.o(i.peer_address_exists)
    i.pin_in_use_by_gpiote                   0x0001f160   Section        0  nrf_drv_gpiote.o(i.pin_in_use_by_gpiote)
    pin_in_use_by_gpiote                     0x0001f161   Thumb Code    22  nrf_drv_gpiote.o(i.pin_in_use_by_gpiote)
    i.pin_in_use_by_port                     0x0001f17c   Section        0  nrf_drv_gpiote.o(i.pin_in_use_by_port)
    pin_in_use_by_port                       0x0001f17d   Thumb Code    18  nrf_drv_gpiote.o(i.pin_in_use_by_port)
    i.pin_in_use_by_te                       0x0001f194   Section        0  nrf_drv_gpiote.o(i.pin_in_use_by_te)
    pin_in_use_by_te                         0x0001f195   Thumb Code    26  nrf_drv_gpiote.o(i.pin_in_use_by_te)
    i.pin_in_use_clear                       0x0001f1b4   Section        0  nrf_drv_gpiote.o(i.pin_in_use_clear)
    pin_in_use_clear                         0x0001f1b5   Thumb Code    10  nrf_drv_gpiote.o(i.pin_in_use_clear)
    i.power_manage                           0x0001f1c4   Section        0  main.o(i.power_manage)
    power_manage                             0x0001f1c5   Thumb Code    28  main.o(i.power_manage)
    i.pstorage_access_status_get             0x0001f1e0   Section        0  pstorage.o(i.pstorage_access_status_get)
    i.rtc1_compare0_set                      0x0001f210   Section        0  app_timer.o(i.rtc1_compare0_set)
    rtc1_compare0_set                        0x0001f211   Thumb Code     6  app_timer.o(i.rtc1_compare0_set)
    i.rtc1_counter_get                       0x0001f21c   Section        0  app_timer.o(i.rtc1_counter_get)
    rtc1_counter_get                         0x0001f21d   Thumb Code     6  app_timer.o(i.rtc1_counter_get)
    i.rtc1_init                              0x0001f228   Section        0  app_timer.o(i.rtc1_init)
    rtc1_init                                0x0001f229   Thumb Code    18  app_timer.o(i.rtc1_init)
    i.rtc1_start                             0x0001f240   Section        0  app_timer.o(i.rtc1_start)
    rtc1_start                               0x0001f241   Thumb Code    48  app_timer.o(i.rtc1_start)
    i.rtc1_stop                              0x0001f27c   Section        0  app_timer.o(i.rtc1_stop)
    rtc1_stop                                0x0001f27d   Thumb Code    66  app_timer.o(i.rtc1_stop)
    i.rx_byte                                0x0001f2d4   Section        0  nrf_drv_uart.o(i.rx_byte)
    rx_byte                                  0x0001f2d5   Thumb Code    82  nrf_drv_uart.o(i.rx_byte)
    i.rx_char_add                            0x0001f330   Section        0  ble_nus.o(i.rx_char_add)
    rx_char_add                              0x0001f331   Thumb Code   292  ble_nus.o(i.rx_char_add)
    i.rx_done_event                          0x0001f454   Section        0  nrf_drv_uart.o(i.rx_done_event)
    rx_done_event                            0x0001f455   Thumb Code    30  nrf_drv_uart.o(i.rx_done_event)
    i.rx_enable                              0x0001f478   Section        0  nrf_drv_uart.o(i.rx_enable)
    rx_enable                                0x0001f479   Thumb Code    32  nrf_drv_uart.o(i.rx_enable)
    i.sd_check_ram_start                     0x0001f49c   Section        0  softdevice_handler.o(i.sd_check_ram_start)
    i.sd_nvic_EnableIRQ                      0x0001f4b8   Section        0  softdevice_handler.o(i.sd_nvic_EnableIRQ)
    sd_nvic_EnableIRQ                        0x0001f4b9   Thumb Code   188  softdevice_handler.o(i.sd_nvic_EnableIRQ)
    i.sec_mgr_oob_flags_encode               0x0001f588   Section        0  ble_advdata.o(i.sec_mgr_oob_flags_encode)
    sec_mgr_oob_flags_encode                 0x0001f589   Thumb Code    54  ble_advdata.o(i.sec_mgr_oob_flags_encode)
    i.security_mode_on_ble_event             0x0001f5c0   Section        0  security_mode.o(i.security_mode_on_ble_event)
    i.send_long_packet                       0x0001f5f4   Section        0  long_packet.o(i.send_long_packet)
    i.service_data_encode                    0x0001f616   Section        0  ble_advdata.o(i.service_data_encode)
    service_data_encode                      0x0001f617   Thumb Code   150  ble_advdata.o(i.service_data_encode)
    i.services_init                          0x0001f6ac   Section        0  main.o(i.services_init)
    services_init                            0x0001f6ad   Thumb Code    42  main.o(i.services_init)
    i.sleep_mode_enter                       0x0001f6e0   Section        0  main.o(i.sleep_mode_enter)
    sleep_mode_enter                         0x0001f6e1   Thumb Code    82  main.o(i.sleep_mode_enter)
    i.softdevice_ble_evt_handler_set         0x0001f734   Section        0  softdevice_handler.o(i.softdevice_ble_evt_handler_set)
    i.softdevice_enable                      0x0001f750   Section        0  softdevice_handler.o(i.softdevice_enable)
    i.softdevice_enable_get_default_config   0x0001f76c   Section        0  softdevice_handler.o(i.softdevice_enable_get_default_config)
    i.softdevice_fault_handler               0x0001f79a   Section        0  softdevice_handler.o(i.softdevice_fault_handler)
    i.softdevice_handler_init                0x0001f7b0   Section        0  softdevice_handler.o(i.softdevice_handler_init)
    i.srdata_check                           0x0001f81c   Section        0  ble_advdata.o(i.srdata_check)
    srdata_check                             0x0001f81d   Thumb Code    16  ble_advdata.o(i.srdata_check)
    i.startup_event_extract                  0x0001f82c   Section        0  bsp_btn_ble.o(i.startup_event_extract)
    startup_event_extract                    0x0001f82d   Thumb Code    84  bsp_btn_ble.o(i.startup_event_extract)
    i.ticks_diff_get                         0x0001f880   Section        0  app_timer.o(i.ticks_diff_get)
    ticks_diff_get                           0x0001f881   Thumb Code    10  app_timer.o(i.ticks_diff_get)
    i.timeout_handler                        0x0001f88a   Section        0  timer_packet.o(i.timeout_handler)
    i.timeout_handler_exec                   0x0001f88c   Section        0  app_timer.o(i.timeout_handler_exec)
    timeout_handler_exec                     0x0001f88d   Thumb Code    54  app_timer.o(i.timeout_handler_exec)
    i.timer_init                             0x0001f8c8   Section        0  timer_packet.o(i.timer_init)
    i.timer_list_handler                     0x0001f908   Section        0  app_timer.o(i.timer_list_handler)
    timer_list_handler                       0x0001f909   Thumb Code    74  app_timer.o(i.timer_list_handler)
    i.timer_list_handler_sched               0x0001f960   Section        0  app_timer.o(i.timer_list_handler_sched)
    timer_list_handler_sched                 0x0001f961   Thumb Code    10  app_timer.o(i.timer_list_handler_sched)
    i.timer_list_insert                      0x0001f96c   Section        0  app_timer.o(i.timer_list_insert)
    timer_list_insert                        0x0001f96d   Thumb Code   104  app_timer.o(i.timer_list_insert)
    i.timer_list_remove                      0x0001f9d8   Section        0  app_timer.o(i.timer_list_remove)
    timer_list_remove                        0x0001f9d9   Thumb Code    96  app_timer.o(i.timer_list_remove)
    i.timer_restart                          0x0001fa48   Section        0  timer_packet.o(i.timer_restart)
    i.timer_start                            0x0001fa5c   Section        0  timer_packet.o(i.timer_start)
    i.timer_start_op_schedule                0x0001fa74   Section        0  app_timer.o(i.timer_start_op_schedule)
    timer_start_op_schedule                  0x0001fa75   Thumb Code    82  app_timer.o(i.timer_start_op_schedule)
    i.timer_stop_op_schedule                 0x0001facc   Section        0  app_timer.o(i.timer_stop_op_schedule)
    timer_stop_op_schedule                   0x0001facd   Thumb Code    60  app_timer.o(i.timer_stop_op_schedule)
    i.timer_timeouts_check                   0x0001fb0c   Section        0  app_timer.o(i.timer_timeouts_check)
    timer_timeouts_check                     0x0001fb0d   Thumb Code   128  app_timer.o(i.timer_timeouts_check)
    i.timer_timeouts_check_sched             0x0001fba0   Section        0  app_timer.o(i.timer_timeouts_check_sched)
    timer_timeouts_check_sched               0x0001fba1   Thumb Code    10  app_timer.o(i.timer_timeouts_check_sched)
    i.tk_value_encode                        0x0001fbaa   Section        0  ble_advdata.o(i.tk_value_encode)
    tk_value_encode                          0x0001fbab   Thumb Code    70  ble_advdata.o(i.tk_value_encode)
    i.tx_byte                                0x0001fbf0   Section        0  nrf_drv_uart.o(i.tx_byte)
    tx_byte                                  0x0001fbf1   Thumb Code    48  nrf_drv_uart.o(i.tx_byte)
    i.tx_char_add                            0x0001fc28   Section        0  ble_nus.o(i.tx_char_add)
    tx_char_add                              0x0001fc29   Thumb Code   222  ble_nus.o(i.tx_char_add)
    i.tx_done_event                          0x0001fd08   Section        0  nrf_drv_uart.o(i.tx_done_event)
    tx_done_event                            0x0001fd09   Thumb Code    38  nrf_drv_uart.o(i.tx_done_event)
    i.tx_power_level_encode                  0x0001fd34   Section        0  ble_advdata.o(i.tx_power_level_encode)
    tx_power_level_encode                    0x0001fd35   Thumb Code    54  ble_advdata.o(i.tx_power_level_encode)
    i.uart_event_handle                      0x0001fd6c   Section        0  main.o(i.uart_event_handle)
    i.uart_event_handler                     0x0001fe18   Section        0  app_uart_fifo.o(i.uart_event_handler)
    uart_event_handler                       0x0001fe19   Thumb Code   178  app_uart_fifo.o(i.uart_event_handler)
    i.uart_init                              0x0001fee0   Section        0  main.o(i.uart_init)
    uart_init                                0x0001fee1   Thumb Code    74  main.o(i.uart_init)
    i.uart_irq_handler                       0x0001ff3c   Section        0  nrf_drv_uart.o(i.uart_irq_handler)
    uart_irq_handler                         0x0001ff3d   Thumb Code   364  nrf_drv_uart.o(i.uart_irq_handler)
    i.uint16_encode                          0x000200b0   Section        0  ble_advdata.o(i.uint16_encode)
    uint16_encode                            0x000200b1   Thumb Code    18  ble_advdata.o(i.uint16_encode)
    i.update_timeout_handler                 0x000200c4   Section        0  ble_conn_params.o(i.update_timeout_handler)
    update_timeout_handler                   0x000200c5   Thumb Code   136  ble_conn_params.o(i.update_timeout_handler)
    i.user_id_get                            0x00020160   Section        0  app_timer.o(i.user_id_get)
    user_id_get                              0x00020161   Thumb Code    34  app_timer.o(i.user_id_get)
    i.user_op_alloc                          0x00020182   Section        0  app_timer.o(i.user_op_alloc)
    user_op_alloc                            0x00020183   Thumb Code    46  app_timer.o(i.user_op_alloc)
    i.user_op_enque                          0x000201b0   Section        0  app_timer.o(i.user_op_enque)
    user_op_enque                            0x000201b1   Thumb Code     4  app_timer.o(i.user_op_enque)
    i.uuid_list_encode                       0x000201b4   Section        0  ble_advdata.o(i.uuid_list_encode)
    uuid_list_encode                         0x000201b5   Thumb Code    76  ble_advdata.o(i.uuid_list_encode)
    i.uuid_list_sized_encode                 0x00020200   Section        0  ble_advdata.o(i.uuid_list_sized_encode)
    uuid_list_sized_encode                   0x00020201   Thumb Code   224  ble_advdata.o(i.uuid_list_sized_encode)
    i.whitelist_has_entries                  0x000202e0   Section        0  ble_advertising.o(i.whitelist_has_entries)
    whitelist_has_entries                    0x000202e1   Thumb Code    22  ble_advertising.o(i.whitelist_has_entries)
    .constdata                               0x000202f8   Section       48  main.o(.constdata)
    .constdata                               0x00020328   Section        4  timer_packet.o(.constdata)
    m_timer_id                               0x00020328   Data           4  timer_packet.o(.constdata)
    .constdata                               0x0002032c   Section       60  bsp.o(.constdata)
    m_leds_timer_id                          0x0002032c   Data           4  bsp.o(.constdata)
    m_alert_timer_id                         0x00020330   Data           4  bsp.o(.constdata)
    m_button_timer_id                        0x00020334   Data           4  bsp.o(.constdata)
    m_buttons_list                           0x00020338   Data          16  bsp.o(.constdata)
    app_buttons                              0x00020348   Data          32  bsp.o(.constdata)
    .constdata                               0x00020368   Section        4  ble_conn_params.o(.constdata)
    m_conn_params_timer_id                   0x00020368   Data           4  ble_conn_params.o(.constdata)
    .constdata                               0x0002036c   Section       16  ble_nus.o(.constdata)
    .constdata                               0x0002037c   Section       32  app_uart_fifo.o(.constdata)
    .constdata                               0x0002039c   Section       32  nrf_drv_uart.o(.constdata)
    m_default_config                         0x0002039c   Data          32  nrf_drv_uart.o(.constdata)
    .constdata                               0x000203bc   Section        8  app_button.o(.constdata)
    m_detection_delay_timer_id               0x000203bc   Data           4  app_button.o(.constdata)
    .constdata                               0x000203c4   Section       16  segger_rtt_printf.o(.constdata)
    _aV2C                                    0x000203c4   Data          16  segger_rtt_printf.o(.constdata)
    .conststring                             0x000203d4   Section       68  communication.o(.conststring)
    .data                                    0x20002080   Section        7  main.o(.data)
    m_conn_handle                            0x20002080   Data           2  main.o(.data)
    m_adv_uuids                              0x20002082   Data           4  main.o(.data)
    index                                    0x20002086   Data           1  main.o(.data)
    .data                                    0x20002088   Section        8  long_packet.o(.data)
    .data                                    0x20002090   Section        4  timer_packet.o(.data)
    .data                                    0x20002094   Section       25  bsp.o(.data)
    m_stable_state                           0x20002094   Data           1  bsp.o(.data)
    m_app_ticks_per_100ms                    0x20002098   Data           4  bsp.o(.data)
    m_indication_type                        0x2000209c   Data           4  bsp.o(.data)
    m_alert_mask                             0x200020a0   Data           4  bsp.o(.data)
    m_registered_callback                    0x200020a4   Data           4  bsp.o(.data)
    current_long_push_pin_no                 0x200020a8   Data           1  bsp.o(.data)
    release_event_at_push                    0x200020a9   Data           4  bsp.o(.data)
    .data                                    0x200020b0   Section        8  bsp_btn_ble.o(.data)
    m_error_handler                          0x200020b0   Data           4  bsp_btn_ble.o(.data)
    m_num_connections                        0x200020b4   Data           4  bsp_btn_ble.o(.data)
    .data                                    0x200020b8   Section       32  ble_advertising.o(.data)
    m_advertising_start_pending              0x200020b8   Data           1  ble_advertising.o(.data)
    m_peer_address                           0x200020b9   Data           7  ble_advertising.o(.data)
    m_adv_evt                                0x200020c0   Data           1  ble_advertising.o(.data)
    m_evt_handler                            0x200020c4   Data           4  ble_advertising.o(.data)
    m_error_handler                          0x200020c8   Data           4  ble_advertising.o(.data)
    m_adv_mode_current                       0x200020cc   Data           1  ble_advertising.o(.data)
    m_whitelist_temporarily_disabled         0x200020cd   Data           1  ble_advertising.o(.data)
    m_whitelist_reply_expected               0x200020ce   Data           1  ble_advertising.o(.data)
    m_peer_addr_reply_expected               0x200020cf   Data           1  ble_advertising.o(.data)
    m_slave_conn_int                         0x200020d0   Data           4  ble_advertising.o(.data)
    m_tx_power_level                         0x200020d4   Data           1  ble_advertising.o(.data)
    current_slave_link_conn_handle           0x200020d6   Data           2  ble_advertising.o(.data)
    .data                                    0x200020d8   Section       21  ble_conn_params.o(.data)
    m_preferred_conn_params                  0x200020d8   Data           8  ble_conn_params.o(.data)
    m_update_count                           0x200020e0   Data           1  ble_conn_params.o(.data)
    m_conn_handle                            0x200020e2   Data           2  ble_conn_params.o(.data)
    m_current_conn_params                    0x200020e4   Data           8  ble_conn_params.o(.data)
    m_change_param                           0x200020ec   Data           1  ble_conn_params.o(.data)
    .data                                    0x200020f0   Section        6  app_uart_fifo.o(.data)
    m_event_handler                          0x200020f0   Data           4  app_uart_fifo.o(.data)
    tx_buffer                                0x200020f4   Data           1  app_uart_fifo.o(.data)
    rx_buffer                                0x200020f5   Data           1  app_uart_fifo.o(.data)
    .data                                    0x200020f8   Section       40  pstorage.o(.data)
    m_next_app_instance                      0x200020f8   Data           2  pstorage.o(.data)
    m_next_page_addr                         0x200020fc   Data           4  pstorage.o(.data)
    m_state                                  0x20002100   Data           1  pstorage.o(.data)
    m_swap_sub_state                         0x20002101   Data           1  pstorage.o(.data)
    m_head_word_size                         0x20002104   Data           4  pstorage.o(.data)
    m_tail_word_size                         0x20002108   Data           4  pstorage.o(.data)
    m_current_page_id                        0x2000210c   Data           4  pstorage.o(.data)
    m_num_of_command_retries                 0x20002110   Data           4  pstorage.o(.data)
    m_num_of_bytes_written                   0x20002114   Data           4  pstorage.o(.data)
    m_app_data_size                          0x20002118   Data           4  pstorage.o(.data)
    m_flags                                  0x2000211c   Data           4  pstorage.o(.data)
    .data                                    0x20002120   Section       20  app_button.o(.data)
    mp_buttons                               0x20002120   Data           4  app_button.o(.data)
    m_button_count                           0x20002124   Data           1  app_button.o(.data)
    m_detection_delay                        0x20002128   Data           4  app_button.o(.data)
    m_pin_state                              0x2000212c   Data           4  app_button.o(.data)
    m_pin_transition                         0x20002130   Data           4  app_button.o(.data)
    .data                                    0x20002134   Section       34  app_timer.o(.data)
    m_user_array_size                        0x20002134   Data           1  app_timer.o(.data)
    mp_users                                 0x20002138   Data           4  app_timer.o(.data)
    mp_timer_id_head                         0x2000213c   Data           4  app_timer.o(.data)
    m_ticks_latest                           0x20002140   Data           4  app_timer.o(.data)
    m_ticks_elapsed                          0x20002144   Data           8  app_timer.o(.data)
    m_ticks_elapsed_q_read_ind               0x2000214c   Data           1  app_timer.o(.data)
    m_ticks_elapsed_q_write_ind              0x2000214d   Data           1  app_timer.o(.data)
    m_evt_schedule_func                      0x20002150   Data           4  app_timer.o(.data)
    m_rtc1_running                           0x20002154   Data           1  app_timer.o(.data)
    m_rtc1_reset                             0x20002155   Data           1  app_timer.o(.data)
    .data                                    0x20002158   Section       32  softdevice_handler.o(.data)
    m_evt_schedule_func                      0x20002160   Data           4  softdevice_handler.o(.data)
    m_softdevice_enabled                     0x20002164   Data           1  softdevice_handler.o(.data)
    mp_ble_evt_buffer                        0x20002168   Data           4  softdevice_handler.o(.data)
    m_ble_evt_buffer_size                    0x2000216c   Data           2  softdevice_handler.o(.data)
    m_ble_evt_handler                        0x20002170   Data           4  softdevice_handler.o(.data)
    m_sys_evt_handler                        0x20002174   Data           4  softdevice_handler.o(.data)
    .data                                    0x20002178   Section        4  system_nrf51.o(.data)
    __tagsym$$used                           0x20002178   Number         0  system_nrf51.o(.data)
    .bss                                     0x2000217c   Section     1088  main.o(.bss)
    m_nus                                    0x2000217c   Data          28  main.o(.bss)
    BLE_EVT_BUFFER                           0x20002198   Data          72  main.o(.bss)
    data_array                               0x200021e0   Data          20  main.o(.bss)
    rx_buf                                   0x200021f4   Data         256  main.o(.bss)
    tx_buf                                   0x200022f4   Data         256  main.o(.bss)
    APP_TIMER_BUF                            0x200023f4   Data         456  main.o(.bss)
    .bss                                     0x200025bc   Section     1024  long_packet.o(.bss)
    .bss                                     0x200029bc   Section       32  timer_packet.o(.bss)
    m_timer_id_data                          0x200029bc   Data          32  timer_packet.o(.bss)
    .bss                                     0x200029dc   Section      108  bsp.o(.bss)
    m_leds_timer_id_data                     0x200029dc   Data          32  bsp.o(.bss)
    m_alert_timer_id_data                    0x200029fc   Data          32  bsp.o(.bss)
    m_events_list                            0x20002a1c   Data          12  bsp.o(.bss)
    m_button_timer_id_data                   0x20002a28   Data          32  bsp.o(.bss)
    .bss                                     0x20002a48   Section      259  ble_advertising.o(.bss)
    m_advdata                                0x20002a48   Data          56  ble_advertising.o(.bss)
    m_adv_modes_config                       0x20002a80   Data          36  ble_advertising.o(.bss)
    m_whitelist                              0x20002aa4   Data          16  ble_advertising.o(.bss)
    mp_whitelist_addr                        0x20002ab4   Data          32  ble_advertising.o(.bss)
    mp_whitelist_irk                         0x20002ad4   Data          32  ble_advertising.o(.bss)
    m_manuf_specific_data                    0x20002af4   Data          12  ble_advertising.o(.bss)
    m_manuf_data_array                       0x20002b00   Data          31  ble_advertising.o(.bss)
    m_service_data                           0x20002b20   Data          12  ble_advertising.o(.bss)
    m_service_data_array                     0x20002b2c   Data          31  ble_advertising.o(.bss)
    .bss                                     0x20002b4c   Section       60  ble_conn_params.o(.bss)
    m_conn_params_config                     0x20002b4c   Data          28  ble_conn_params.o(.bss)
    m_conn_params_timer_id_data              0x20002b68   Data          32  ble_conn_params.o(.bss)
    .bss                                     0x20002b88   Section       32  app_uart_fifo.o(.bss)
    m_rx_fifo                                0x20002b88   Data          16  app_uart_fifo.o(.bss)
    m_tx_fifo                                0x20002b98   Data          16  app_uart_fifo.o(.bss)
    .bss                                     0x20002ba8   Section       72  nrf_drv_gpiote.o(.bss)
    m_cb                                     0x20002ba8   Data          72  nrf_drv_gpiote.o(.bss)
    .bss                                     0x20002bf0   Section       28  nrf_drv_uart.o(.bss)
    m_cb                                     0x20002bf0   Data          28  nrf_drv_uart.o(.bss)
    .bss                                     0x20002c0c   Section      216  pstorage.o(.bss)
    m_cmd_queue                              0x20002c0c   Data         204  pstorage.o(.bss)
    m_app_table                              0x20002cd8   Data          12  pstorage.o(.bss)
    .bss                                     0x20002ce4   Section       32  app_button.o(.bss)
    m_detection_delay_timer_id_data          0x20002ce4   Data          32  app_button.o(.bss)
    .bss                                     0x20002d04   Section       88  fstorage.o(.bss)
    m_queue                                  0x20002d04   Data          88  fstorage.o(.bss)
    .bss                                     0x20002d5c   Section     1208  segger_rtt.o(.bss)
    _acUpBuffer                              0x20002e04   Data        1024  segger_rtt.o(.bss)
    _acDownBuffer                            0x20003204   Data          16  segger_rtt.o(.bss)
    STACK                                    0x20003218   Section     2048  arm_startup_nrf51.o(STACK)

    Global Symbols

    Symbol Name                              Value     Ov Type        Size  Object(Section)

    BuildAttributes$$THM_ISAv3M$S$PE$A:L22$X:L11$S22$IEEE1$IW$USESV6$~STKCKD$USESV7$~SHL$OSPACE$ROPI$EBA8$MICROLIB$REQ8$PRES8$EABIv2 0x00000000   Number         0  anon$$obj.o ABSOLUTE
    __ARM_use_no_argv                        0x00000000   Number         0  main.o ABSOLUTE
    __cpp_initialize__aeabi_                  - Undefined Weak Reference
    __cxa_finalize                            - Undefined Weak Reference
    __decompress                              - Undefined Weak Reference
    _clock_init                               - Undefined Weak Reference
    _microlib_exit                            - Undefined Weak Reference
    fs_data$$Base                             - Undefined Reference
    fs_data$$Limit                            - Undefined Reference
    __Vectors_Size                           0x000000c0   Number         0  arm_startup_nrf51.o ABSOLUTE
    __Vectors                                0x0001b000   Data           4  arm_startup_nrf51.o(RESET)
    __Vectors_End                            0x0001b0c0   Data           0  arm_startup_nrf51.o(RESET)
    __main                                   0x0001b0c1   Thumb Code     0  entry.o(.ARM.Collect$$$$00000000)
    _main_stk                                0x0001b0c1   Thumb Code     0  entry2.o(.ARM.Collect$$$$00000001)
    _main_scatterload                        0x0001b0c5   Thumb Code     0  entry5.o(.ARM.Collect$$$$00000004)
    __main_after_scatterload                 0x0001b0c9   Thumb Code     0  entry5.o(.ARM.Collect$$$$00000004)
    _main_clock                              0x0001b0c9   Thumb Code     0  entry7b.o(.ARM.Collect$$$$00000008)
    _main_cpp_init                           0x0001b0c9   Thumb Code     0  entry8b.o(.ARM.Collect$$$$0000000A)
    _main_init                               0x0001b0c9   Thumb Code     0  entry9a.o(.ARM.Collect$$$$0000000B)
    __rt_final_cpp                           0x0001b0d1   Thumb Code     0  entry10a.o(.ARM.Collect$$$$0000000D)
    __rt_final_exit                          0x0001b0d1   Thumb Code     0  entry11a.o(.ARM.Collect$$$$0000000F)
    __asm___11_app_timer_c_cd27f9c3__nrf_delay_us 0x0001b0d5   Thumb Code    30  app_timer.o(.emb_text)
    Reset_Handler                            0x0001b0f5   Thumb Code    26  arm_startup_nrf51.o(.text)
    NMI_Handler                              0x0001b10f   Thumb Code     2  arm_startup_nrf51.o(.text)
    HardFault_Handler                        0x0001b111   Thumb Code     2  arm_startup_nrf51.o(.text)
    SVC_Handler                              0x0001b113   Thumb Code     2  arm_startup_nrf51.o(.text)
    PendSV_Handler                           0x0001b115   Thumb Code     2  arm_startup_nrf51.o(.text)
    SysTick_Handler                          0x0001b117   Thumb Code     2  arm_startup_nrf51.o(.text)
    ADC_IRQHandler                           0x0001b119   Thumb Code     0  arm_startup_nrf51.o(.text)
    CCM_AAR_IRQHandler                       0x0001b119   Thumb Code     0  arm_startup_nrf51.o(.text)
    ECB_IRQHandler                           0x0001b119   Thumb Code     0  arm_startup_nrf51.o(.text)
    LPCOMP_IRQHandler                        0x0001b119   Thumb Code     0  arm_startup_nrf51.o(.text)
    POWER_CLOCK_IRQHandler                   0x0001b119   Thumb Code     0  arm_startup_nrf51.o(.text)
    QDEC_IRQHandler                          0x0001b119   Thumb Code     0  arm_startup_nrf51.o(.text)
    RADIO_IRQHandler                         0x0001b119   Thumb Code     0  arm_startup_nrf51.o(.text)
    RNG_IRQHandler                           0x0001b119   Thumb Code     0  arm_startup_nrf51.o(.text)
    RTC0_IRQHandler                          0x0001b119   Thumb Code     0  arm_startup_nrf51.o(.text)
    SPI0_TWI0_IRQHandler                     0x0001b119   Thumb Code     0  arm_startup_nrf51.o(.text)
    SPI1_TWI1_IRQHandler                     0x0001b119   Thumb Code     0  arm_startup_nrf51.o(.text)
    SWI1_IRQHandler                          0x0001b119   Thumb Code     0  arm_startup_nrf51.o(.text)
    SWI3_IRQHandler                          0x0001b119   Thumb Code     0  arm_startup_nrf51.o(.text)
    SWI4_IRQHandler                          0x0001b119   Thumb Code     0  arm_startup_nrf51.o(.text)
    SWI5_IRQHandler                          0x0001b119   Thumb Code     0  arm_startup_nrf51.o(.text)
    TEMP_IRQHandler                          0x0001b119   Thumb Code     0  arm_startup_nrf51.o(.text)
    TIMER0_IRQHandler                        0x0001b119   Thumb Code     0  arm_startup_nrf51.o(.text)
    TIMER1_IRQHandler                        0x0001b119   Thumb Code     0  arm_startup_nrf51.o(.text)
    TIMER2_IRQHandler                        0x0001b119   Thumb Code     0  arm_startup_nrf51.o(.text)
    WDT_IRQHandler                           0x0001b119   Thumb Code     0  arm_startup_nrf51.o(.text)
    __aeabi_uidiv                            0x0001b12d   Thumb Code     0  uidiv.o(.text)
    __aeabi_uidivmod                         0x0001b12d   Thumb Code    44  uidiv.o(.text)
    __aeabi_idiv                             0x0001b159   Thumb Code     0  idiv.o(.text)
    __aeabi_idivmod                          0x0001b159   Thumb Code    40  idiv.o(.text)
    __aeabi_memcpy                           0x0001b181   Thumb Code    36  memcpya.o(.text)
    __aeabi_memcpy4                          0x0001b181   Thumb Code     0  memcpya.o(.text)
    __aeabi_memcpy8                          0x0001b181   Thumb Code     0  memcpya.o(.text)
    __aeabi_memset                           0x0001b1a5   Thumb Code    14  memseta.o(.text)
    __aeabi_memset4                          0x0001b1a5   Thumb Code     0  memseta.o(.text)
    __aeabi_memset8                          0x0001b1a5   Thumb Code     0  memseta.o(.text)
    __aeabi_memclr                           0x0001b1b3   Thumb Code     4  memseta.o(.text)
    __aeabi_memclr4                          0x0001b1b3   Thumb Code     0  memseta.o(.text)
    __aeabi_memclr8                          0x0001b1b3   Thumb Code     0  memseta.o(.text)
    _memset$wrapper                          0x0001b1b7   Thumb Code    18  memseta.o(.text)
    strcpy                                   0x0001b1c9   Thumb Code    18  strcpy.o(.text)
    __scatterload                            0x0001b1dd   Thumb Code    28  init.o(.text)
    __scatterload_rt2                        0x0001b1dd   Thumb Code     0  init.o(.text)
    GPIOTE_IRQHandler                        0x0001b201   Thumb Code   484  nrf_drv_gpiote.o(i.GPIOTE_IRQHandler)
    RTC1_IRQHandler                          0x0001b521   Thumb Code    34  app_timer.o(i.RTC1_IRQHandler)
    SEGGER_RTT_Write                         0x0001b549   Thumb Code    66  segger_rtt.o(i.SEGGER_RTT_Write)
    SEGGER_RTT_WriteNoLock                   0x0001b591   Thumb Code   128  segger_rtt.o(i.SEGGER_RTT_WriteNoLock)
    SEGGER_RTT_printf                        0x0001b615   Thumb Code    36  segger_rtt_printf.o(i.SEGGER_RTT_printf)
    SEGGER_RTT_vprintf                       0x0001b639   Thumb Code   536  segger_rtt_printf.o(i.SEGGER_RTT_vprintf)
    SWI0_IRQHandler                          0x0001b851   Thumb Code     8  app_timer.o(i.SWI0_IRQHandler)
    SWI2_IRQHandler                          0x0001b859   Thumb Code    46  softdevice_handler.o(i.SWI2_IRQHandler)
    SystemInit                               0x0001b88d   Thumb Code    76  system_nrf51.o(i.SystemInit)
    UART0_IRQHandler                         0x0001b8f1   Thumb Code     8  nrf_drv_uart.o(i.UART0_IRQHandler)
    __ARM_common_switch8                     0x0001bcb9   Thumb Code    28  bsp.o(i.__ARM_common_switch8)
    __scatterload_copy                       0x0001bcd5   Thumb Code    14  handlers.o(i.__scatterload_copy)
    __scatterload_null                       0x0001bce3   Thumb Code     2  handlers.o(i.__scatterload_null)
    __scatterload_zeroinit                   0x0001bce5   Thumb Code    14  handlers.o(i.__scatterload_zeroinit)
    adv_data_encode                          0x0001bcf3   Thumb Code   500  ble_advdata.o(i.adv_data_encode)
    app_button_enable                        0x0001bfed   Thumb Code    34  app_button.o(i.app_button_enable)
    app_button_init                          0x0001c019   Thumb Code   136  app_button.o(i.app_button_init)
    app_error_fault_handler                  0x0001c0c5   Thumb Code    48  app_error_weak.o(i.app_error_fault_handler)
    app_error_handler_bare                   0x0001c0fd   Thumb Code    26  app_error.o(i.app_error_handler_bare)
    app_fifo_get                             0x0001c11d   Thumb Code    32  app_fifo.o(i.app_fifo_get)
    app_fifo_init                            0x0001c13d   Thumb Code    42  app_fifo.o(i.app_fifo_init)
    app_fifo_put                             0x0001c167   Thumb Code    34  app_fifo.o(i.app_fifo_put)
    app_timer_cnt_get                        0x0001c189   Thumb Code    14  app_timer.o(i.app_timer_cnt_get)
    app_timer_create                         0x0001c199   Thumb Code    64  app_timer.o(i.app_timer_create)
    app_timer_init                           0x0001c1dd   Thumb Code   156  app_timer.o(i.app_timer_init)
    app_timer_start                          0x0001c295   Thumb Code    86  app_timer.o(i.app_timer_start)
    app_timer_stop                           0x0001c2f1   Thumb Code    54  app_timer.o(i.app_timer_stop)
    app_uart_get                             0x0001c32d   Thumb Code    48  app_uart_fifo.o(i.app_uart_get)
    app_uart_init                            0x0001c365   Thumb Code   180  app_uart_fifo.o(i.app_uart_init)
    ble_advdata_set                          0x0001c4f5   Thumb Code   152  ble_advdata.o(i.ble_advdata_set)
    ble_advertising_init                     0x0001c58d   Thumb Code   328  ble_advertising.o(i.ble_advertising_init)
    ble_advertising_on_ble_evt               0x0001c70d   Thumb Code   242  ble_advertising.o(i.ble_advertising_on_ble_evt)
    ble_advertising_restart_without_whitelist 0x0001c829   Thumb Code   110  ble_advertising.o(i.ble_advertising_restart_without_whitelist)
    ble_advertising_start                    0x0001c8ad   Thumb Code   654  ble_advertising.o(i.ble_advertising_start)
    ble_conn_params_init                     0x0001cb69   Thumb Code    90  ble_conn_params.o(i.ble_conn_params_init)
    ble_conn_params_on_ble_evt               0x0001cbe1   Thumb Code    62  ble_conn_params.o(i.ble_conn_params_on_ble_evt)
    ble_nus_init                             0x0001cccd   Thumb Code   156  ble_nus.o(i.ble_nus_init)
    ble_nus_on_ble_evt                       0x0001cd6d   Thumb Code    80  ble_nus.o(i.ble_nus_on_ble_evt)
    ble_nus_string_send                      0x0001cdcd   Thumb Code    88  ble_nus.o(i.ble_nus_string_send)
    bsp_btn_ble_init                         0x0001cee9   Thumb Code    54  bsp_btn_ble.o(i.bsp_btn_ble_init)
    bsp_btn_ble_on_ble_evt                   0x0001cf29   Thumb Code   122  bsp_btn_ble.o(i.bsp_btn_ble_on_ble_evt)
    bsp_btn_ble_sleep_mode_prepare           0x0001cfad   Thumb Code    30  bsp_btn_ble.o(i.bsp_btn_ble_sleep_mode_prepare)
    bsp_button_is_pressed                    0x0001d0a5   Thumb Code    48  bsp.o(i.bsp_button_is_pressed)
    bsp_event_handler                        0x0001d0dd   Thumb Code    96  main.o(i.bsp_event_handler)
    bsp_event_to_button_action_assign        0x0001d141   Thumb Code    88  bsp.o(i.bsp_event_to_button_action_assign)
    bsp_indication_set                       0x0001d19d   Thumb Code    30  bsp.o(i.bsp_indication_set)
    bsp_init                                 0x0001d1c1   Thumb Code   166  bsp.o(i.bsp_init)
    bsp_wakeup_buttons_set                   0x0001d7fd   Thumb Code    84  bsp.o(i.bsp_wakeup_buttons_set)
    communication_start                      0x0001d979   Thumb Code   104  communication.o(i.communication_start)
    display_param                            0x0001dd7d   Thumb Code    56  communication.o(i.display_param)
    fs_queued_op_count_get                   0x0001df3d   Thumb Code    20  fstorage.o(i.fs_queued_op_count_get)
    intern_softdevice_events_execute         0x0001e055   Thumb Code   160  softdevice_handler.o(i.intern_softdevice_events_execute)
    long_packet_on_ble_event                 0x0001e459   Thumb Code   160  long_packet.o(i.long_packet_on_ble_event)
    main                                     0x0001e519   Thumb Code   162  main.o(i.main)
    nrf_drv_common_irq_enable                0x0001e735   Thumb Code    48  nrf_drv_common.o(i.nrf_drv_common_irq_enable)
    nrf_drv_gpiote_in_event_enable           0x0001e76d   Thumb Code   186  nrf_drv_gpiote.o(i.nrf_drv_gpiote_in_event_enable)
    nrf_drv_gpiote_in_init                   0x0001e835   Thumb Code   228  nrf_drv_gpiote.o(i.nrf_drv_gpiote_in_init)
    nrf_drv_gpiote_in_is_set                 0x0001e929   Thumb Code    26  nrf_drv_gpiote.o(i.nrf_drv_gpiote_in_is_set)
    nrf_drv_gpiote_init                      0x0001e949   Thumb Code    76  nrf_drv_gpiote.o(i.nrf_drv_gpiote_init)
    nrf_drv_gpiote_is_init                   0x0001e999   Thumb Code    16  nrf_drv_gpiote.o(i.nrf_drv_gpiote_is_init)
    nrf_drv_uart_init                        0x0001e9ad   Thumb Code   132  nrf_drv_uart.o(i.nrf_drv_uart_init)
    nrf_drv_uart_rx                          0x0001ea41   Thumb Code   104  nrf_drv_uart.o(i.nrf_drv_uart_rx)
    nrf_drv_uart_rx_enable                   0x0001eab1   Thumb Code    22  nrf_drv_uart.o(i.nrf_drv_uart_rx_enable)
    nrf_drv_uart_tx                          0x0001eb8d   Thumb Code    36  nrf_drv_uart.o(i.nrf_drv_uart_tx)
    nrf_drv_uart_tx_in_progress              0x0001ec4d   Thumb Code    16  nrf_drv_uart.o(i.nrf_drv_uart_tx_in_progress)
    parse                                    0x0001f07d   Thumb Code   200  communication.o(i.parse)
    pstorage_access_status_get               0x0001f1e1   Thumb Code    40  pstorage.o(i.pstorage_access_status_get)
    sd_check_ram_start                       0x0001f49d   Thumb Code    22  softdevice_handler.o(i.sd_check_ram_start)
    security_mode_on_ble_event               0x0001f5c1   Thumb Code    28  security_mode.o(i.security_mode_on_ble_event)
    send_long_packet                         0x0001f5f5   Thumb Code    34  long_packet.o(i.send_long_packet)
    softdevice_ble_evt_handler_set           0x0001f735   Thumb Code    22  softdevice_handler.o(i.softdevice_ble_evt_handler_set)
    softdevice_enable                        0x0001f751   Thumb Code    24  softdevice_handler.o(i.softdevice_enable)
    softdevice_enable_get_default_config     0x0001f76d   Thumb Code    46  softdevice_handler.o(i.softdevice_enable_get_default_config)
    softdevice_fault_handler                 0x0001f79b   Thumb Code    20  softdevice_handler.o(i.softdevice_fault_handler)
    softdevice_handler_init                  0x0001f7b1   Thumb Code    86  softdevice_handler.o(i.softdevice_handler_init)
    timeout_handler                          0x0001f88b   Thumb Code     2  timer_packet.o(i.timeout_handler)
    timer_init                               0x0001f8c9   Thumb Code    50  timer_packet.o(i.timer_init)
    timer_restart                            0x0001fa49   Thumb Code    16  timer_packet.o(i.timer_restart)
    timer_start                              0x0001fa5d   Thumb Code    18  timer_packet.o(i.timer_start)
    uart_event_handle                        0x0001fd6d   Thumb Code   148  main.o(i.uart_event_handle)
    Region$$Table$$Base                      0x00020418   Number         0  anon$$obj.o(Region$$Table)
    Region$$Table$$Limit                     0x00020438   Number         0  anon$$obj.o(Region$$Table)
    Image$$RW_IRAM1$$Base                    0x20002080   Number         0  anon$$obj.o ABSOLUTE
    m_user_block                             0x20002088   Data           8  long_packet.o(.data)
    m_timer_value                            0x20002090   Data           4  timer_packet.o(.data)
    nrf_nvic_state                           0x20002158   Data           8  softdevice_handler.o(.data)
    SystemCoreClock                          0x20002178   Data           4  system_nrf51.o(.data)
    m_queued                                 0x200025bc   Data        1024  long_packet.o(.bss)
    _SEGGER_RTT                              0x20002d5c   Data         168  segger_rtt.o(.bss)
    __initial_sp                             0x20003a18   Data           0  arm_startup_nrf51.o(STACK)



==============================================================================

Memory Map of the image

  Image Entry point : 0x0001b0c1

  Load Region LR_IROM1 (Base: 0x0001b000, Size: 0x00005534, Max: 0x00025000, ABSOLUTE)

    Execution Region ER_IROM1 (Base: 0x0001b000, Size: 0x00005438, Max: 0x00025000, ABSOLUTE)

    Base Addr    Size         Type   Attr      Idx    E Section Name        Object

    0x0001b000   0x000000c0   Data   RO         3069    RESET               arm_startup_nrf51.o
    0x0001b0c0   0x00000000   Code   RO         3121  * .ARM.Collect$$$$00000000  mc_p.l(entry.o)
    0x0001b0c0   0x00000004   Code   RO         3166    .ARM.Collect$$$$00000001  mc_p.l(entry2.o)
    0x0001b0c4   0x00000004   Code   RO         3169    .ARM.Collect$$$$00000004  mc_p.l(entry5.o)
    0x0001b0c8   0x00000000   Code   RO         3171    .ARM.Collect$$$$00000008  mc_p.l(entry7b.o)
    0x0001b0c8   0x00000000   Code   RO         3173    .ARM.Collect$$$$0000000A  mc_p.l(entry8b.o)
    0x0001b0c8   0x00000008   Code   RO         3174    .ARM.Collect$$$$0000000B  mc_p.l(entry9a.o)
    0x0001b0d0   0x00000000   Code   RO         3176    .ARM.Collect$$$$0000000D  mc_p.l(entry10a.o)
    0x0001b0d0   0x00000000   Code   RO         3178    .ARM.Collect$$$$0000000F  mc_p.l(entry11a.o)
    0x0001b0d0   0x00000004   Code   RO         3167    .ARM.Collect$$$$00002712  mc_p.l(entry2.o)
    0x0001b0d4   0x0000001e   Code   RO         2228    .emb_text           app_timer.o
    0x0001b0f2   0x00000002   PAD
    0x0001b0f4   0x00000038   Code   RO         3070    .text               arm_startup_nrf51.o
    0x0001b12c   0x0000002c   Code   RO         3124    .text               mc_p.l(uidiv.o)
    0x0001b158   0x00000028   Code   RO         3126    .text               mc_p.l(idiv.o)
    0x0001b180   0x00000024   Code   RO         3128    .text               mc_p.l(memcpya.o)
    0x0001b1a4   0x00000024   Code   RO         3130    .text               mc_p.l(memseta.o)
    0x0001b1c8   0x00000012   Code   RO         3134    .text               mc_p.l(strcpy.o)
    0x0001b1da   0x00000002   PAD
    0x0001b1dc   0x00000024   Code   RO         3193    .text               mc_p.l(init.o)
    0x0001b200   0x000001f4   Code   RO         1252    i.GPIOTE_IRQHandler  nrf_drv_gpiote.o
    0x0001b3f4   0x00000014   Code   RO         2229    i.NVIC_ClearPendingIRQ  app_timer.o
    0x0001b408   0x00000014   Code   RO         2230    i.NVIC_EnableIRQ    app_timer.o
    0x0001b41c   0x00000014   Code   RO         2231    i.NVIC_SetPendingIRQ  app_timer.o
    0x0001b430   0x00000078   Code   RO         1214    i.NVIC_SetPriority  nrf_drv_common.o
    0x0001b4a8   0x00000078   Code   RO         2232    i.NVIC_SetPriority  app_timer.o
    0x0001b520   0x00000028   Code   RO         2233    i.RTC1_IRQHandler   app_timer.o
    0x0001b548   0x00000048   Code   RO         2776    i.SEGGER_RTT_Write  segger_rtt.o
    0x0001b590   0x00000084   Code   RO         2777    i.SEGGER_RTT_WriteNoLock  segger_rtt.o
    0x0001b614   0x00000024   Code   RO         2929    i.SEGGER_RTT_printf  segger_rtt_printf.o
    0x0001b638   0x00000218   Code   RO         2930    i.SEGGER_RTT_vprintf  segger_rtt_printf.o
    0x0001b850   0x00000008   Code   RO         2234    i.SWI0_IRQHandler   app_timer.o
    0x0001b858   0x00000034   Code   RO         2965    i.SWI2_IRQHandler   softdevice_handler.o
    0x0001b88c   0x00000064   Code   RO         3077    i.SystemInit        system_nrf51.o
    0x0001b8f0   0x00000008   Code   RO         1487    i.UART0_IRQHandler  nrf_drv_uart.o
    0x0001b8f8   0x00000070   Code   RO         2781    i._DoInit           segger_rtt.o
    0x0001b968   0x0000001c   Code   RO         2782    i._GetAvailWriteSpace  segger_rtt.o
    0x0001b984   0x0000010e   Code   RO         2931    i._PrintInt         segger_rtt_printf.o
    0x0001ba92   0x00000002   PAD
    0x0001ba94   0x0000011c   Code   RO         2932    i._PrintUnsigned    segger_rtt_printf.o
    0x0001bbb0   0x00000044   Code   RO         2933    i._StoreChar        segger_rtt_printf.o
    0x0001bbf4   0x0000007a   Code   RO         2784    i._WriteBlocking    segger_rtt.o
    0x0001bc6e   0x0000004a   Code   RO         2785    i._WriteNoCheck     segger_rtt.o
    0x0001bcb8   0x0000001c   Code   RO          601    i.__ARM_common_switch8  bsp.o
    0x0001bcd4   0x0000000e   Code   RO         3207    i.__scatterload_copy  mc_p.l(handlers.o)
    0x0001bce2   0x00000002   Code   RO         3208    i.__scatterload_null  mc_p.l(handlers.o)
    0x0001bce4   0x0000000e   Code   RO         3209    i.__scatterload_zeroinit  mc_p.l(handlers.o)
    0x0001bcf2   0x000001f4   Code   RO          672    i.adv_data_encode   ble_advdata.o
    0x0001bee6   0x00000014   Code   RO          673    i.advdata_check     ble_advdata.o
    0x0001befa   0x0000005a   Code   RO          620    i.advertising_buttons_configure  bsp_btn_ble.o
    0x0001bf54   0x00000074   Code   RO            3    i.advertising_init  main.o
    0x0001bfc8   0x00000024   Code   RO          509    i.alert_timer_handler  bsp.o
    0x0001bfec   0x0000002c   Code   RO         2036    i.app_button_enable  app_button.o
    0x0001c018   0x000000ac   Code   RO         2037    i.app_button_init   app_button.o
    0x0001c0c4   0x00000038   Code   RO         2129    i.app_error_fault_handler  app_error_weak.o
    0x0001c0fc   0x00000020   Code   RO         2094    i.app_error_handler_bare  app_error.o
    0x0001c11c   0x00000020   Code   RO         2153    i.app_fifo_get      app_fifo.o
    0x0001c13c   0x0000002a   Code   RO         2154    i.app_fifo_init     app_fifo.o
    0x0001c166   0x00000022   Code   RO         2156    i.app_fifo_put      app_fifo.o
    0x0001c188   0x0000000e   Code   RO         2236    i.app_timer_cnt_get  app_timer.o
    0x0001c196   0x00000002   PAD
    0x0001c198   0x00000044   Code   RO         2237    i.app_timer_create  app_timer.o
    0x0001c1dc   0x000000b8   Code   RO         2238    i.app_timer_init    app_timer.o
    0x0001c294   0x0000005c   Code   RO         2239    i.app_timer_start   app_timer.o
    0x0001c2f0   0x0000003c   Code   RO         2240    i.app_timer_stop    app_timer.o
    0x0001c32c   0x00000038   Code   RO         1093    i.app_uart_get      app_uart_fifo.o
    0x0001c364   0x000000cc   Code   RO         1094    i.app_uart_init     app_uart_fifo.o
    0x0001c430   0x00000054   Code   RO          674    i.appearance_encode  ble_advdata.o
    0x0001c484   0x00000070   Code   RO         1488    i.apply_config      nrf_drv_uart.o
    0x0001c4f4   0x00000098   Code   RO          675    i.ble_advdata_set   ble_advdata.o
    0x0001c58c   0x00000180   Code   RO          796    i.ble_advertising_init  ble_advertising.o
    0x0001c70c   0x0000010c   Code   RO          797    i.ble_advertising_on_ble_evt  ble_advertising.o
    0x0001c818   0x00000010   Code   RO          800    i.ble_advertising_peer_address_clear  ble_advertising.o
    0x0001c828   0x00000084   Code   RO          801    i.ble_advertising_restart_without_whitelist  ble_advertising.o
    0x0001c8ac   0x000002bc   Code   RO          802    i.ble_advertising_start  ble_advertising.o
    0x0001cb68   0x00000078   Code   RO          897    i.ble_conn_params_init  ble_conn_params.o
    0x0001cbe0   0x0000003e   Code   RO          898    i.ble_conn_params_on_ble_evt  ble_conn_params.o
    0x0001cc1e   0x00000070   Code   RO          676    i.ble_device_addr_encode  ble_advdata.o
    0x0001cc8e   0x00000002   PAD
    0x0001cc90   0x0000003c   Code   RO            5    i.ble_evt_dispatch  main.o
    0x0001cccc   0x000000a0   Code   RO          990    i.ble_nus_init      ble_nus.o
    0x0001cd6c   0x00000060   Code   RO          991    i.ble_nus_on_ble_evt  ble_nus.o
    0x0001cdcc   0x0000005c   Code   RO          992    i.ble_nus_string_send  ble_nus.o
    0x0001ce28   0x000000c0   Code   RO            6    i.ble_stack_init    main.o
    0x0001cee8   0x00000040   Code   RO          621    i.bsp_btn_ble_init  bsp_btn_ble.o
    0x0001cf28   0x00000084   Code   RO          622    i.bsp_btn_ble_on_ble_evt  bsp_btn_ble.o
    0x0001cfac   0x0000001e   Code   RO          623    i.bsp_btn_ble_sleep_mode_prepare  bsp_btn_ble.o
    0x0001cfca   0x00000002   PAD
    0x0001cfcc   0x000000d8   Code   RO          510    i.bsp_button_event_handler  bsp.o
    0x0001d0a4   0x00000038   Code   RO          511    i.bsp_button_is_pressed  bsp.o
    0x0001d0dc   0x00000064   Code   RO            7    i.bsp_event_handler  main.o
    0x0001d140   0x0000005c   Code   RO          515    i.bsp_event_to_button_action_assign  bsp.o
    0x0001d19c   0x00000024   Code   RO          516    i.bsp_indication_set  bsp.o
    0x0001d1c0   0x000000d4   Code   RO          518    i.bsp_init          bsp.o
    0x0001d294   0x00000568   Code   RO          519    i.bsp_led_indication  bsp.o
    0x0001d7fc   0x0000005c   Code   RO          520    i.bsp_wakeup_buttons_set  bsp.o
    0x0001d858   0x0000000e   Code   RO          521    i.button_timer_handler  bsp.o
    0x0001d866   0x00000002   PAD
    0x0001d868   0x0000005c   Code   RO            8    i.buttons_leds_init  main.o
    0x0001d8c4   0x00000020   Code   RO         1253    i.channel_free      nrf_drv_gpiote.o
    0x0001d8e4   0x00000010   Code   RO         1254    i.channel_handler_get  nrf_drv_gpiote.o
    0x0001d8f4   0x00000078   Code   RO         1255    i.channel_port_alloc  nrf_drv_gpiote.o
    0x0001d96c   0x0000000c   Code   RO         1256    i.channel_port_get  nrf_drv_gpiote.o
    0x0001d978   0x00000070   Code   RO          320    i.communication_start  communication.o
    0x0001d9e8   0x0000008c   Code   RO         2242    i.compare_reg_update  app_timer.o
    0x0001da74   0x0000005c   Code   RO          677    i.conn_int_check    ble_advdata.o
    0x0001dad0   0x0000006a   Code   RO          678    i.conn_int_encode   ble_advdata.o
    0x0001db3a   0x00000010   Code   RO            9    i.conn_params_error_handler  main.o
    0x0001db4a   0x00000002   PAD
    0x0001db4c   0x00000058   Code   RO           10    i.conn_params_init  main.o
    0x0001dba4   0x00000094   Code   RO          900    i.conn_params_negotiation  ble_conn_params.o
    0x0001dc38   0x0000005a   Code   RO          624    i.connection_buttons_configure  bsp_btn_ble.o
    0x0001dc92   0x00000002   PAD
    0x0001dc94   0x0000005c   Code   RO         2243    i.current_int_priority_get  app_timer.o
    0x0001dcf0   0x0000008c   Code   RO         2039    i.detection_delay_timeout_handler  app_button.o
    0x0001dd7c   0x0000003c   Code   RO          321    i.display_param     communication.o
    0x0001ddb8   0x00000064   Code   RO         2244    i.elapsed_ticks_acquire  app_timer.o
    0x0001de1c   0x0000005c   Code   RO         2245    i.expired_timers_handler  app_timer.o
    0x0001de78   0x00000018   Code   RO         2159    i.fifo_get          app_fifo.o
    0x0001de90   0x0000000a   Code   RO         1096    i.fifo_length       app_uart_fifo.o
    0x0001de9a   0x0000000a   Code   RO         2160    i.fifo_length       app_fifo.o
    0x0001dea4   0x00000012   Code   RO         2161    i.fifo_peek         app_fifo.o
    0x0001deb6   0x00000012   Code   RO         2162    i.fifo_put          app_fifo.o
    0x0001dec8   0x00000036   Code   RO          679    i.flags_encode      ble_advdata.o
    0x0001defe   0x0000003c   Code   RO          804    i.flash_access_in_progress  ble_advertising.o
    0x0001df3a   0x00000002   PAD
    0x0001df3c   0x00000018   Code   RO         2516    i.fs_queued_op_count_get  fstorage.o
    0x0001df54   0x00000080   Code   RO           11    i.gap_params_init   main.o
    0x0001dfd4   0x00000080   Code   RO         2040    i.gpiote_event_handler  app_button.o
    0x0001e054   0x000000b4   Code   RO         2966    i.intern_softdevice_events_execute  softdevice_handler.o
    0x0001e108   0x00000024   Code   RO          901    i.is_conn_params_ok  ble_conn_params.o
    0x0001e12c   0x00000038   Code   RO         3078    i.is_disabled_in_debug_needed  system_nrf51.o
    0x0001e164   0x0000006c   Code   RO         3079    i.is_manual_peripheral_setup_needed  system_nrf51.o
    0x0001e1d0   0x00000054   Code   RO         3080    i.is_peripheral_domain_setup_needed  system_nrf51.o
    0x0001e224   0x0000006a   Code   RO          680    i.le_role_encode    ble_advdata.o
    0x0001e28e   0x00000002   PAD
    0x0001e290   0x00000024   Code   RO          522    i.leds_timer_handler  bsp.o
    0x0001e2b4   0x00000094   Code   RO         2246    i.list_deletions_handler  app_timer.o
    0x0001e348   0x00000110   Code   RO         2247    i.list_insertions_handler  app_timer.o
    0x0001e458   0x000000c0   Code   RO          401    i.long_packet_on_ble_event  long_packet.o
    0x0001e518   0x000000dc   Code   RO           12    i.main              main.o
    0x0001e5f4   0x00000078   Code   RO          681    i.manuf_specific_data_encode  ble_advdata.o
    0x0001e66c   0x000000c6   Code   RO          682    i.name_encode       ble_advdata.o
    0x0001e732   0x00000002   PAD
    0x0001e734   0x00000038   Code   RO         1215    i.nrf_drv_common_irq_enable  nrf_drv_common.o
    0x0001e76c   0x000000c8   Code   RO         1259    i.nrf_drv_gpiote_in_event_enable  nrf_drv_gpiote.o
    0x0001e834   0x000000f4   Code   RO         1260    i.nrf_drv_gpiote_in_init  nrf_drv_gpiote.o
    0x0001e928   0x00000020   Code   RO         1261    i.nrf_drv_gpiote_in_is_set  nrf_drv_gpiote.o
    0x0001e948   0x00000050   Code   RO         1263    i.nrf_drv_gpiote_init  nrf_drv_gpiote.o
    0x0001e998   0x00000014   Code   RO         1264    i.nrf_drv_gpiote_is_init  nrf_drv_gpiote.o
    0x0001e9ac   0x00000094   Code   RO         1490    i.nrf_drv_uart_init  nrf_drv_uart.o
    0x0001ea40   0x00000070   Code   RO         1491    i.nrf_drv_uart_rx   nrf_drv_uart.o
    0x0001eab0   0x0000001c   Code   RO         1494    i.nrf_drv_uart_rx_enable  nrf_drv_uart.o
    0x0001eacc   0x000000c0   Code   RO         1495    i.nrf_drv_uart_rx_for_uart  nrf_drv_uart.o
    0x0001eb8c   0x00000028   Code   RO         1496    i.nrf_drv_uart_tx   nrf_drv_uart.o
    0x0001ebb4   0x00000098   Code   RO         1498    i.nrf_drv_uart_tx_for_uart  nrf_drv_uart.o
    0x0001ec4c   0x00000014   Code   RO         1499    i.nrf_drv_uart_tx_in_progress  nrf_drv_uart.o
    0x0001ec60   0x00000026   Code   RO         1276    i.nrf_gpio_cfg      nrf_drv_gpiote.o
    0x0001ec86   0x00000026   Code   RO         1501    i.nrf_gpio_cfg      nrf_drv_uart.o
    0x0001ecac   0x0000001a   Code   RO         1503    i.nrf_gpio_cfg_input  nrf_drv_uart.o
    0x0001ecc6   0x00000018   Code   RO         1504    i.nrf_gpio_cfg_output  nrf_drv_uart.o
    0x0001ecde   0x00000046   Code   RO         1278    i.nrf_gpio_cfg_sense_set  nrf_drv_gpiote.o
    0x0001ed24   0x00000010   Code   RO         1505    i.nrf_gpio_pin_set  nrf_drv_uart.o
    0x0001ed34   0x0000000c   Code   RO         1281    i.nrf_gpiote_event_addr_get  nrf_drv_gpiote.o
    0x0001ed40   0x00000010   Code   RO         1282    i.nrf_gpiote_event_clear  nrf_drv_gpiote.o
    0x0001ed50   0x00000016   Code   RO         1283    i.nrf_gpiote_event_is_set  nrf_drv_gpiote.o
    0x0001ed66   0x00000002   PAD
    0x0001ed68   0x0000000c   Code   RO         1284    i.nrf_gpiote_int_enable  nrf_drv_gpiote.o
    0x0001ed74   0x00000014   Code   RO         1506    i.nrf_uart_errorsrc_get_and_clear  nrf_drv_uart.o
    0x0001ed88   0x00000010   Code   RO         1507    i.nrf_uart_event_check  nrf_drv_uart.o
    0x0001ed98   0x00000006   Code   RO         1508    i.nrf_uart_event_clear  nrf_drv_uart.o
    0x0001ed9e   0x00000012   Code   RO         1509    i.nrf_uart_hwfc_pins_set  nrf_drv_uart.o
    0x0001edb0   0x0000000a   Code   RO         1510    i.nrf_uart_int_disable  nrf_drv_uart.o
    0x0001edba   0x0000000a   Code   RO         1511    i.nrf_uart_int_enable  nrf_drv_uart.o
    0x0001edc4   0x00000018   Code   RO         1512    i.nrf_uart_int_enable_check  nrf_drv_uart.o
    0x0001eddc   0x00000006   Code   RO         1513    i.nrf_uart_task_trigger  nrf_drv_uart.o
    0x0001ede2   0x00000012   Code   RO         1514    i.nrf_uart_txrx_pins_set  nrf_drv_uart.o
    0x0001edf4   0x00000014   Code   RO           13    i.nus_data_handler  main.o
    0x0001ee08   0x00000036   Code   RO           14    i.on_adv_evt        main.o
    0x0001ee3e   0x00000002   PAD
    0x0001ee40   0x000000b4   Code   RO           15    i.on_ble_evt        main.o
    0x0001eef4   0x00000030   Code   RO           16    i.on_conn_params_evt  main.o
    0x0001ef24   0x00000018   Code   RO          902    i.on_conn_params_update  ble_conn_params.o
    0x0001ef3c   0x0000003c   Code   RO          903    i.on_connect        ble_conn_params.o
    0x0001ef78   0x00000006   Code   RO          993    i.on_connect        ble_nus.o
    0x0001ef7e   0x00000002   PAD
    0x0001ef80   0x00000044   Code   RO          904    i.on_disconnect     ble_conn_params.o
    0x0001efc4   0x00000008   Code   RO          994    i.on_disconnect     ble_nus.o
    0x0001efcc   0x0000005c   Code   RO          905    i.on_write          ble_conn_params.o
    0x0001f028   0x00000054   Code   RO          995    i.on_write          ble_nus.o
    0x0001f07c   0x000000c8   Code   RO          322    i.parse             communication.o
    0x0001f144   0x0000001a   Code   RO          805    i.peer_address_exists  ble_advertising.o
    0x0001f15e   0x00000002   PAD
    0x0001f160   0x0000001c   Code   RO         1286    i.pin_in_use_by_gpiote  nrf_drv_gpiote.o
    0x0001f17c   0x00000018   Code   RO         1287    i.pin_in_use_by_port  nrf_drv_gpiote.o
    0x0001f194   0x00000020   Code   RO         1288    i.pin_in_use_by_te  nrf_drv_gpiote.o
    0x0001f1b4   0x00000010   Code   RO         1289    i.pin_in_use_clear  nrf_drv_gpiote.o
    0x0001f1c4   0x0000001c   Code   RO           17    i.power_manage      main.o
    0x0001f1e0   0x00000030   Code   RO         1729    i.pstorage_access_status_get  pstorage.o
    0x0001f210   0x0000000c   Code   RO         2248    i.rtc1_compare0_set  app_timer.o
    0x0001f21c   0x0000000c   Code   RO         2249    i.rtc1_counter_get  app_timer.o
    0x0001f228   0x00000018   Code   RO         2250    i.rtc1_init         app_timer.o
    0x0001f240   0x0000003c   Code   RO         2251    i.rtc1_start        app_timer.o
    0x0001f27c   0x00000058   Code   RO         2252    i.rtc1_stop         app_timer.o
    0x0001f2d4   0x0000005c   Code   RO         1516    i.rx_byte           nrf_drv_uart.o
    0x0001f330   0x00000124   Code   RO          996    i.rx_char_add       ble_nus.o
    0x0001f454   0x00000024   Code   RO         1517    i.rx_done_event     nrf_drv_uart.o
    0x0001f478   0x00000024   Code   RO         1518    i.rx_enable         nrf_drv_uart.o
    0x0001f49c   0x0000001c   Code   RO         2967    i.sd_check_ram_start  softdevice_handler.o
    0x0001f4b8   0x000000d0   Code   RO         2968    i.sd_nvic_EnableIRQ  softdevice_handler.o
    0x0001f588   0x00000036   Code   RO          683    i.sec_mgr_oob_flags_encode  ble_advdata.o
    0x0001f5be   0x00000002   PAD
    0x0001f5c0   0x00000034   Code   RO          489    i.security_mode_on_ble_event  security_mode.o
    0x0001f5f4   0x00000022   Code   RO          402    i.send_long_packet  long_packet.o
    0x0001f616   0x00000096   Code   RO          684    i.service_data_encode  ble_advdata.o
    0x0001f6ac   0x00000034   Code   RO           18    i.services_init     main.o
    0x0001f6e0   0x00000052   Code   RO           19    i.sleep_mode_enter  main.o
    0x0001f732   0x00000002   PAD
    0x0001f734   0x0000001c   Code   RO         2969    i.softdevice_ble_evt_handler_set  softdevice_handler.o
    0x0001f750   0x0000001c   Code   RO         2970    i.softdevice_enable  softdevice_handler.o
    0x0001f76c   0x0000002e   Code   RO         2971    i.softdevice_enable_get_default_config  softdevice_handler.o
    0x0001f79a   0x00000014   Code   RO         2972    i.softdevice_fault_handler  softdevice_handler.o
    0x0001f7ae   0x00000002   PAD
    0x0001f7b0   0x0000006c   Code   RO         2973    i.softdevice_handler_init  softdevice_handler.o
    0x0001f81c   0x00000010   Code   RO          685    i.srdata_check      ble_advdata.o
    0x0001f82c   0x00000054   Code   RO          625    i.startup_event_extract  bsp_btn_ble.o
    0x0001f880   0x0000000a   Code   RO         2253    i.ticks_diff_get    app_timer.o
    0x0001f88a   0x00000002   Code   RO          436    i.timeout_handler   timer_packet.o
    0x0001f88c   0x0000003c   Code   RO         2254    i.timeout_handler_exec  app_timer.o
    0x0001f8c8   0x00000040   Code   RO          437    i.timer_init        timer_packet.o
    0x0001f908   0x00000058   Code   RO         2255    i.timer_list_handler  app_timer.o
    0x0001f960   0x0000000a   Code   RO         2256    i.timer_list_handler_sched  app_timer.o
    0x0001f96a   0x00000002   PAD
    0x0001f96c   0x0000006c   Code   RO         2257    i.timer_list_insert  app_timer.o
    0x0001f9d8   0x00000070   Code   RO         2258    i.timer_list_remove  app_timer.o
    0x0001fa48   0x00000014   Code   RO          438    i.timer_restart     timer_packet.o
    0x0001fa5c   0x00000018   Code   RO          439    i.timer_start       timer_packet.o
    0x0001fa74   0x00000058   Code   RO         2259    i.timer_start_op_schedule  app_timer.o
    0x0001facc   0x00000040   Code   RO         2261    i.timer_stop_op_schedule  app_timer.o
    0x0001fb0c   0x00000094   Code   RO         2262    i.timer_timeouts_check  app_timer.o
    0x0001fba0   0x0000000a   Code   RO         2263    i.timer_timeouts_check_sched  app_timer.o
    0x0001fbaa   0x00000046   Code   RO          686    i.tk_value_encode   ble_advdata.o
    0x0001fbf0   0x00000038   Code   RO         1519    i.tx_byte           nrf_drv_uart.o
    0x0001fc28   0x000000de   Code   RO          997    i.tx_char_add       ble_nus.o
    0x0001fd06   0x00000002   PAD
    0x0001fd08   0x0000002c   Code   RO         1520    i.tx_done_event     nrf_drv_uart.o
    0x0001fd34   0x00000036   Code   RO          687    i.tx_power_level_encode  ble_advdata.o
    0x0001fd6a   0x00000002   PAD
    0x0001fd6c   0x000000ac   Code   RO           20    i.uart_event_handle  main.o
    0x0001fe18   0x000000c8   Code   RO         1097    i.uart_event_handler  app_uart_fifo.o
    0x0001fee0   0x0000005c   Code   RO           21    i.uart_init         main.o
    0x0001ff3c   0x00000174   Code   RO         1521    i.uart_irq_handler  nrf_drv_uart.o
    0x000200b0   0x00000012   Code   RO          688    i.uint16_encode     ble_advdata.o
    0x000200c2   0x00000002   PAD
    0x000200c4   0x0000009c   Code   RO          906    i.update_timeout_handler  ble_conn_params.o
    0x00020160   0x00000022   Code   RO         2264    i.user_id_get       app_timer.o
    0x00020182   0x0000002e   Code   RO         2265    i.user_op_alloc     app_timer.o
    0x000201b0   0x00000004   Code   RO         2266    i.user_op_enque     app_timer.o
    0x000201b4   0x0000004c   Code   RO          689    i.uuid_list_encode  ble_advdata.o
    0x00020200   0x000000e0   Code   RO          690    i.uuid_list_sized_encode  ble_advdata.o
    0x000202e0   0x00000016   Code   RO          806    i.whitelist_has_entries  ble_advertising.o
    0x000202f6   0x00000002   PAD
    0x000202f8   0x00000030   Data   RO           23    .constdata          main.o
    0x00020328   0x00000004   Data   RO          442    .constdata          timer_packet.o
    0x0002032c   0x0000003c   Data   RO          524    .constdata          bsp.o
    0x00020368   0x00000004   Data   RO          908    .constdata          ble_conn_params.o
    0x0002036c   0x00000010   Data   RO          998    .constdata          ble_nus.o
    0x0002037c   0x00000020   Data   RO         1099    .constdata          app_uart_fifo.o
    0x0002039c   0x00000020   Data   RO         1523    .constdata          nrf_drv_uart.o
    0x000203bc   0x00000008   Data   RO         2042    .constdata          app_button.o
    0x000203c4   0x00000010   Data   RO         2934    .constdata          segger_rtt_printf.o
    0x000203d4   0x00000044   Data   RO          323    .conststring        communication.o
    0x00020418   0x00000020   Data   RO         3205    Region$$Table       anon$$obj.o


    Execution Region RW_IRAM1 (Base: 0x20002080, Size: 0x00001998, Max: 0x00005f80, ABSOLUTE)

    Base Addr    Size         Type   Attr      Idx    E Section Name        Object

    0x20002080   0x00000007   Data   RW           24    .data               main.o
    0x20002087   0x00000001   PAD
    0x20002088   0x00000008   Data   RW          404    .data               long_packet.o
    0x20002090   0x00000004   Data   RW          443    .data               timer_packet.o
    0x20002094   0x00000019   Data   RW          525    .data               bsp.o
    0x200020ad   0x00000003   PAD
    0x200020b0   0x00000008   Data   RW          626    .data               bsp_btn_ble.o
    0x200020b8   0x00000020   Data   RW          808    .data               ble_advertising.o
    0x200020d8   0x00000015   Data   RW          909    .data               ble_conn_params.o
    0x200020ed   0x00000003   PAD
    0x200020f0   0x00000006   Data   RW         1100    .data               app_uart_fifo.o
    0x200020f6   0x00000002   PAD
    0x200020f8   0x00000028   Data   RW         1765    .data               pstorage.o
    0x20002120   0x00000014   Data   RW         2043    .data               app_button.o
    0x20002134   0x00000022   Data   RW         2267    .data               app_timer.o
    0x20002156   0x00000002   PAD
    0x20002158   0x00000020   Data   RW         2977    .data               softdevice_handler.o
    0x20002178   0x00000004   Data   RW         3081    .data               system_nrf51.o
    0x2000217c   0x00000440   Zero   RW           22    .bss                main.o
    0x200025bc   0x00000400   Zero   RW          403    .bss                long_packet.o
    0x200029bc   0x00000020   Zero   RW          441    .bss                timer_packet.o
    0x200029dc   0x0000006c   Zero   RW          523    .bss                bsp.o
    0x20002a48   0x00000103   Zero   RW          807    .bss                ble_advertising.o
    0x20002b4b   0x00000001   PAD
    0x20002b4c   0x0000003c   Zero   RW          907    .bss                ble_conn_params.o
    0x20002b88   0x00000020   Zero   RW         1098    .bss                app_uart_fifo.o
    0x20002ba8   0x00000048   Zero   RW         1290    .bss                nrf_drv_gpiote.o
    0x20002bf0   0x0000001c   Zero   RW         1522    .bss                nrf_drv_uart.o
    0x20002c0c   0x000000d8   Zero   RW         1763    .bss                pstorage.o
    0x20002ce4   0x00000020   Zero   RW         2041    .bss                app_button.o
    0x20002d04   0x00000058   Zero   RW         2527    .bss                fstorage.o
    0x20002d5c   0x000004b8   Zero   RW         2786    .bss                segger_rtt.o
    0x20003214   0x00000004   PAD
    0x20003218   0x00000800   Zero   RW         3067    STACK               arm_startup_nrf51.o


==============================================================================

Image component sizes


      Code (inc. data)   RO Data    RW Data    ZI Data      Debug   Object Name

       484         78          8         20         32       8790   app_button.o
        32          6          0          0          0       2189   app_error.o
        56          8          0          0          0       7166   app_error_weak.o
       178          0          0          0          0       5066   app_fifo.o
      2498        282          0         34          0      37359   app_timer.o
       470         54         32          6         32      13219   app_uart_fifo.o
        56         18        192          0       2048        684   arm_startup_nrf51.o
      2206          4          0          0          0      23800   ble_advdata.o
      1608        154          0         32        259      15068   ble_advertising.o
       766        126          4         21         60      18664   ble_conn_params.o
       960         24         16          0          0       7290   ble_nus.o
      2202        184         60         25        108      16965   bsp.o
       490         20          0          8          0       6133   bsp_btn_ble.o
       372         12         68          0          0      42650   communication.o
        24          4          0          0         88       3284   fstorage.o
       226         32          0          8       1024       2594   long_packet.o
      1740        186         48          7       1088      92479   main.o
       176         18          0          0          0       9144   nrf_drv_common.o
      1526        114          0          0         72      24736   nrf_drv_gpiote.o
      1680        112         32          0         28      29042   nrf_drv_uart.o
         0          0          0          0          0        564   nrf_log.o
        48          8          0         40        216       9393   pstorage.o
        52         24          0          0          0       1165   security_mode.o
       540         48          0          0       1208       8506   segger_rtt.o
      1194          4         16          0          0       6185   segger_rtt_printf.o
       698         84          0         32          0      22780   softdevice_handler.o
       348         38          0          4          0       2543   system_nrf51.o
       110         24          4          4         32       2817   timer_packet.o

    ----------------------------------------------------------------------
     20786       1666        512        252       6300     420275   Object Totals
         0          0         32          0          0          0   (incl. Generated)
        46          0          0         11          5          0   (incl. Padding)

    ----------------------------------------------------------------------

      Code (inc. data)   RO Data    RW Data    ZI Data      Debug   Library Member Name

         0          0          0          0          0          0   entry.o
         0          0          0          0          0          0   entry10a.o
         0          0          0          0          0          0   entry11a.o
         8          4          0          0          0          0   entry2.o
         4          0          0          0          0          0   entry5.o
         0          0          0          0          0          0   entry7b.o
         0          0          0          0          0          0   entry8b.o
         8          4          0          0          0          0   entry9a.o
        30          0          0          0          0          0   handlers.o
        40          0          0          0          0         72   idiv.o
        36          8          0          0          0         68   init.o
        36          0          0          0          0         60   memcpya.o
        36          0          0          0          0        100   memseta.o
        18          0          0          0          0         60   strcpy.o
        44          0          0          0          0         72   uidiv.o

    ----------------------------------------------------------------------
       262         16          0          0          0        432   Library Totals
         2          0          0          0          0          0   (incl. Padding)

    ----------------------------------------------------------------------

      Code (inc. data)   RO Data    RW Data    ZI Data      Debug   Library Name

       260         16          0          0          0        432   mc_p.l

    ----------------------------------------------------------------------
       262         16          0          0          0        432   Library Totals

    ----------------------------------------------------------------------

==============================================================================


      Code (inc. data)   RO Data    RW Data    ZI Data      Debug   

     21048       1682        512        252       6300     411303   Grand Totals
     21048       1682        512        252       6300     411303   ELF Image Totals
     21048       1682        512        252          0          0   ROM Totals

==============================================================================

    Total RO  Size (Code + RO Data)                21560 (  21.05kB)
    Total RW  Size (RW Data + ZI Data)              6552 (   6.40kB)
    Total ROM Size (Code + RO Data + RW Data)      21812 (  21.30kB)

==============================================================================

